0 liszt: 2 2 0 0 6 6 0.75 6 0 1 0 1 0 2 3 16 4 3 0 3 1 0
