1:c1-0 liszt: 0
1:c2-0 liszt: 0
1:c3-0 liszt: 0
1:c4-0 liszt: 0
1:c5-0 liszt: 0
1:c6-0 liszt: 0
1:c7-0 liszt: 0
1:c8-0 liszt: 0
1:c9-0 liszt: 0
1:c10-0 liszt: 0
1:c11-0 liszt: 0
1:c12-0 liszt: 0
1:c13-0 liszt: 0
1:c14-0 liszt: 0
1:c15-0 liszt: 0
1:c16-0 liszt: 0
1:c17-0 liszt: 0
1:c18-0 liszt: 0
1:c19-0 liszt: 0
1:c20-0 liszt: 0
1:c21-0 liszt: 0
1:c22-0 liszt: 0
1:c23-0 liszt: 0
1:c24-0 liszt: 0
1:c25-0 liszt: 0
1:c26-0 liszt: 0
1:c27-0 liszt: 0
1:c28-0 liszt: 0
1:c29-0 liszt: 0
1:c30-0 liszt: 0
1:c31-0 liszt: 0
1:c32-0 liszt: 0
1:c33-0 liszt: 0
1:c34-0 liszt: 0
1:c35-0 liszt: 0
1:c36-0 liszt: 0
1:c37-0 liszt: 0
1:c38-0 liszt: 0
1:c39-0 liszt: 0
1:c40-0 liszt: 0
1:c41-0 liszt: 0
1:c42-0 liszt: 0
1:c43-0 liszt: 0
1:c44-0 liszt: 0
1:c45-0 liszt: 0
1:c46-0 liszt: 0
1:c47-0 liszt: 0
1:c48-0 liszt: 0
1:c49-0 liszt: 0
1:c50-0 liszt: 0
1:c51-0 liszt: 0
1:c52-0 liszt: 0
1:c53-0 liszt: 0
1:c54-0 liszt: 0
1:c55-0 liszt: 0
1:c56-0 liszt: 0
1:c57-0 liszt: 0
1:c58-0 liszt: 0
1:c59-0 liszt: 0
1:c60-0 liszt: 0
1:c61-0 liszt: 0
1:c62-0 liszt: 0
1:c63-0 liszt: 0
1:c64-0 liszt: 0
1:c65-0 liszt: 0
1:c66-0 liszt: 0
1:c67-0 liszt: 0
1:c68-0 liszt: 0
1:c69-0 liszt: 0
1:c70-0 liszt: 0
1:c71-0 liszt: 0
1:c72-0 liszt: 0
1:c73-0 liszt: 0
1:c74-0 liszt: 0
1:c75-0 liszt: 0
1:c76-0 liszt: 0
1:c77-0 liszt: 0
1:c78-0 liszt: 0
1:c79-0 liszt: 0
1:c80-0 liszt: 0
1:c81-0 liszt: 0
1:c82-0 liszt: 0
1:c83-0 liszt: 0
1:c84-0 liszt: 0
1:c85-0 liszt: 0
1:c86-0 liszt: 0
1:c87-0 liszt: 0
1:c88-0 liszt: 0
1:c89-0 liszt: 0
1:c90-0 liszt: 0
1:c91-0 liszt: 0
1:c92-0 liszt: 0
1:c93-0 liszt: 0
1:c94-0 liszt: 0
1:c95-0 liszt: 0
1:c96-0 liszt: 0
1:c97-0 liszt: 0
1:c98-0 liszt: 0
1:c99-0 liszt: 0
1:c100-0 liszt: 0
1:c101-0 liszt: 0
1:c102-0 liszt: 0
1:c103-0 liszt: 0
1:c104-0 liszt: 0
1:c105-0 liszt: 0
1:c106-0 liszt: 0
1:c107-0 liszt: 0
1:c108-0 liszt: 0
1:c109-0 liszt: 0
1:c110-0 liszt: 0
1:c111-0 liszt: 0
1:c112-0 liszt: 0
1:c113-0 liszt: 0
1:c114-0 liszt: 0
1:c115-0 liszt: 0
1:c116-0 liszt: 0
1:c117-0 liszt: 0
1:c118-0 liszt: 0
1:c119-0 liszt: 0
1:c120-0 liszt: 0
1:c121-0 liszt: 0
1:c122-0 liszt: 0
1:c123-0 liszt: 0
1:c124-0 liszt: 0
1:c125-0 liszt: 0
1:c126-0 liszt: 0
1:c127-0 liszt: 0
1:c128-0 liszt: 0
1:c129-0 liszt: 0
1:c130-0 liszt: 0
1:c131-0 liszt: 0
1:c132-0 liszt: 0
1:c133-0 liszt: 0
1:c134-0 liszt: 0
1:c135-0 liszt: 0
1:c136-0 liszt: 0
1:c137-0 liszt: 0
1:c138-0 liszt: 0
1:c139-0 liszt: 0
1:c140-0 liszt: 0
1:c141-0 liszt: 0
1:c142-0 liszt: 0
1:c143-0 liszt: 0
1:c144-0 liszt: 0
1:c145-0 liszt: 0
1:c146-0 liszt: 0
1:c147-0 liszt: 0
1:c148-0 liszt: 0
1:c149-0 liszt: 0
1:c150-0 liszt: 0
1:c151-0 liszt: 0
1:c152-0 liszt: 0
1:c153-0 liszt: 0
1:c154-0 liszt: 0
1:c155-0 liszt: 0
1:c156-0 liszt: 0
1:c157-0 liszt: 0
1:c158-0 liszt: 0
1:c159-0 liszt: 0
1:c160-0 liszt: 0
1:c161-0 liszt: 0
1:c162-0 liszt: 0
1:c163-0 liszt: 0
1:c164-0 liszt: 0
1:c165-0 liszt: 0
1:c166-0 liszt: 0
1:c167-0 liszt: 0
1:c168-0 liszt: 0
1:c169-0 liszt: 0
1:c170-0 liszt: 0
1:c171-0 liszt: 0
1:c172-0 liszt: 0
1:c173-0 liszt: 0
1:c174-0 liszt: 0
1:c175-0 liszt: 0
1:c176-0 liszt: 0
1:c177-0 liszt: 0
1:c178-0 liszt: 0
1:c179-0 liszt: 0
1:c180-0 liszt: 0
1:c181-0 liszt: 0
1:c182-0 liszt: 0
1:c183-0 liszt: 0
1:c184-0 liszt: 0
1:c185-0 liszt: 0
1:c186-0 liszt: 0
1:c187-0 liszt: 0
1:c188-0 liszt: 0
1:c189-0 liszt: 0
1:c190-0 liszt: 0
1:c191-0 liszt: 0
1:c192-0 liszt: 0
1:c193-0 liszt: 0
1:c194-0 liszt: 0
1:c195-0 liszt: 0
1:c196-0 liszt: 0
1:c197-0 liszt: 0
1:c198-0 liszt: 0
1:c199-0 liszt: 0
1:c200-0 liszt: 0
1:c201-0 liszt: 0
1:c202-0 liszt: 0
1:c203-0 liszt: 0
1:c204-0 liszt: 0
1:c205-0 liszt: 0
1:c206-0 liszt: 0
1:c207-0 liszt: 0
1:c208-0 liszt: 0
1:c209-0 liszt: 0
1:c210-0 liszt: 0
1:c211-0 liszt: 0
1:c212-0 liszt: 0
1:c213-0 liszt: 0
1:c214-0 liszt: 0
1:c215-0 liszt: 0
1:c216-0 liszt: 0
1:c217-0 liszt: 0
1:c218-0 liszt: 0
1:c219-0 liszt: 0
1:c220-0 liszt: 0
1:c221-0 liszt: 0
1:c222-0 liszt: 0
1:c223-0 liszt: 0
1:c224-0 liszt: 0
1:c225-0 liszt: 0
1:c226-0 liszt: 0
1:c227-0 liszt: 0
1:c228-0 liszt: 0
1:c229-0 liszt: 0
1:c230-0 liszt: 0
1:c231-0 liszt: 0
1:c232-0 liszt: 0
1:c233-0 liszt: 0
1:c234-0 liszt: 0
1:c235-0 liszt: 0
1:c236-0 liszt: 0
1:c237-0 liszt: 0
1:c238-0 liszt: 0
1:c239-0 liszt: 0
1:c240-0 liszt: 0
1:c241-0 liszt: 0
1:c242-0 liszt: 0
1:c243-0 liszt: 0
1:c244-0 liszt: 0
1:c245-0 liszt: 0
1:c246-0 liszt: 0
1:c247-0 liszt: 0
1:c248-0 liszt: 0
1:c249-0 liszt: 0
1:c250-0 liszt: 0
