11 liszt: inlet: 25
12 liszt: outlet: 25
13 liszt: farField: 200
14 liszt: fluid: 249
15 liszt: default-interior: 625
16 liszt: type:interior: 625
17 liszt: bound1: 50
18 liszt: bound2: 50
19 liszt: bound3: 875
20 liszt: bound4: 249
21 liszt: bound5: 20
