2 liszt: 250
3 liszt: 250
4 liszt: 250
5 liszt: 250
6 liszt: 250
7 liszt: 250
8 liszt: 250
9 liszt: 250
10 liszt: 250
11 liszt: 250
