0 liszt: (1,1,1,1,1,1,1,1,1,1,1,1,1,1,1,1,1,1,1,1,1)
1 liszt: oi!
