2:c1-0 liszt: 753
2:c2-0 liszt: 1012
2:c3-0 liszt: 1024
2:c4-0 liszt: 1036
2:c5-0 liszt: 784
2:c6-0 liszt: 1046
2:c7-0 liszt: 1322
2:c8-0 liszt: 1337
2:c9-0 liszt: 1352
2:c10-0 liszt: 1088
2:c11-0 liszt: 1102
2:c12-0 liszt: 1392
2:c13-0 liszt: 1407
2:c14-0 liszt: 1422
2:c15-0 liszt: 1144
2:c16-0 liszt: 1158
2:c17-0 liszt: 1462
2:c18-0 liszt: 1477
2:c19-0 liszt: 1492
2:c20-0 liszt: 1200
2:c21-0 liszt: 1214
2:c22-0 liszt: 1532
2:c23-0 liszt: 1547
2:c24-0 liszt: 1562
2:c25-0 liszt: 1256
2:c26-0 liszt: 1270
2:c27-0 liszt: 1602
2:c28-0 liszt: 1617
2:c29-0 liszt: 1632
2:c30-0 liszt: 1312
2:c31-0 liszt: 1326
2:c32-0 liszt: 1672
2:c33-0 liszt: 1687
2:c34-0 liszt: 1702
2:c35-0 liszt: 1368
2:c36-0 liszt: 1382
2:c37-0 liszt: 1742
2:c38-0 liszt: 1757
2:c39-0 liszt: 1772
2:c40-0 liszt: 1424
2:c41-0 liszt: 1438
2:c42-0 liszt: 1812
2:c43-0 liszt: 1827
2:c44-0 liszt: 1842
2:c45-0 liszt: 1480
2:c46-0 liszt: 1116
2:c47-0 liszt: 1499
2:c48-0 liszt: 1508
2:c49-0 liszt: 1517
2:c50-0 liszt: 1140
2:c51-0 liszt: 1410
2:c52-0 liszt: 1807
2:c53-0 liszt: 1822
2:c54-0 liszt: 1837
2:c55-0 liszt: 1452
2:c56-0 liszt: 1852
2:c57-0 liszt: 2266
2:c58-0 liszt: 2284
2:c59-0 liszt: 2302
2:c60-0 liszt: 1905
2:c61-0 liszt: 1922
2:c62-0 liszt: 2350
2:c63-0 liszt: 2368
2:c64-0 liszt: 2386
2:c65-0 liszt: 1975
2:c66-0 liszt: 1992
2:c67-0 liszt: 2434
2:c68-0 liszt: 2452
2:c69-0 liszt: 2470
2:c70-0 liszt: 2045
2:c71-0 liszt: 2062
2:c72-0 liszt: 2518
2:c73-0 liszt: 2536
2:c74-0 liszt: 2554
2:c75-0 liszt: 2115
2:c76-0 liszt: 2132
2:c77-0 liszt: 2602
2:c78-0 liszt: 2620
2:c79-0 liszt: 2638
2:c80-0 liszt: 2185
2:c81-0 liszt: 2202
2:c82-0 liszt: 2686
2:c83-0 liszt: 2704
2:c84-0 liszt: 2722
2:c85-0 liszt: 2255
2:c86-0 liszt: 2272
2:c87-0 liszt: 2770
2:c88-0 liszt: 2788
2:c89-0 liszt: 2806
2:c90-0 liszt: 2325
2:c91-0 liszt: 2342
2:c92-0 liszt: 2854
2:c93-0 liszt: 2872
2:c94-0 liszt: 2890
2:c95-0 liszt: 2395
2:c96-0 liszt: 1898
2:c97-0 liszt: 2418
2:c98-0 liszt: 2429
2:c99-0 liszt: 2440
2:c100-0 liszt: 1929
2:c101-0 liszt: 1950
2:c102-0 liszt: 2482
2:c103-0 liszt: 2497
2:c104-0 liszt: 2512
2:c105-0 liszt: 1992
2:c106-0 liszt: 2527
2:c107-0 liszt: 3076
2:c108-0 liszt: 3094
2:c109-0 liszt: 3112
2:c110-0 liszt: 2580
2:c111-0 liszt: 2597
2:c112-0 liszt: 3160
2:c113-0 liszt: 3178
2:c114-0 liszt: 3196
2:c115-0 liszt: 2650
2:c116-0 liszt: 2667
2:c117-0 liszt: 3244
2:c118-0 liszt: 3262
2:c119-0 liszt: 3280
2:c120-0 liszt: 2720
2:c121-0 liszt: 2737
2:c122-0 liszt: 3328
2:c123-0 liszt: 3346
2:c124-0 liszt: 3364
2:c125-0 liszt: 2790
2:c126-0 liszt: 2807
2:c127-0 liszt: 3412
2:c128-0 liszt: 3430
2:c129-0 liszt: 3448
2:c130-0 liszt: 2860
2:c131-0 liszt: 2877
2:c132-0 liszt: 3496
2:c133-0 liszt: 3514
2:c134-0 liszt: 3532
2:c135-0 liszt: 2930
2:c136-0 liszt: 2947
2:c137-0 liszt: 3580
2:c138-0 liszt: 3598
2:c139-0 liszt: 3616
2:c140-0 liszt: 3000
2:c141-0 liszt: 3017
2:c142-0 liszt: 3664
2:c143-0 liszt: 3682
2:c144-0 liszt: 3700
2:c145-0 liszt: 3070
2:c146-0 liszt: 2438
2:c147-0 liszt: 3093
2:c148-0 liszt: 3104
2:c149-0 liszt: 3115
2:c150-0 liszt: 2469
2:c151-0 liszt: 2490
2:c152-0 liszt: 3157
2:c153-0 liszt: 3172
2:c154-0 liszt: 3187
2:c155-0 liszt: 2532
2:c156-0 liszt: 3202
2:c157-0 liszt: 3886
2:c158-0 liszt: 3904
2:c159-0 liszt: 3922
2:c160-0 liszt: 3255
2:c161-0 liszt: 3272
2:c162-0 liszt: 3970
2:c163-0 liszt: 3988
2:c164-0 liszt: 4006
2:c165-0 liszt: 3325
2:c166-0 liszt: 3342
2:c167-0 liszt: 4054
2:c168-0 liszt: 4072
2:c169-0 liszt: 4090
2:c170-0 liszt: 3395
2:c171-0 liszt: 3412
2:c172-0 liszt: 4138
2:c173-0 liszt: 4156
2:c174-0 liszt: 4174
2:c175-0 liszt: 3465
2:c176-0 liszt: 3482
2:c177-0 liszt: 4222
2:c178-0 liszt: 4240
2:c179-0 liszt: 4258
2:c180-0 liszt: 3535
2:c181-0 liszt: 3552
2:c182-0 liszt: 4306
2:c183-0 liszt: 4324
2:c184-0 liszt: 4342
2:c185-0 liszt: 3605
2:c186-0 liszt: 3622
2:c187-0 liszt: 4390
2:c188-0 liszt: 4408
2:c189-0 liszt: 4426
2:c190-0 liszt: 3675
2:c191-0 liszt: 3692
2:c192-0 liszt: 4474
2:c193-0 liszt: 4492
2:c194-0 liszt: 4510
2:c195-0 liszt: 3745
2:c196-0 liszt: 2978
2:c197-0 liszt: 3768
2:c198-0 liszt: 3779
2:c199-0 liszt: 3790
2:c200-0 liszt: 3009
2:c201-0 liszt: 2238
2:c202-0 liszt: 3035
2:c203-0 liszt: 3044
2:c204-0 liszt: 3053
2:c205-0 liszt: 2262
2:c206-0 liszt: 3061
2:c207-0 liszt: 3869
2:c208-0 liszt: 3880
2:c209-0 liszt: 3891
2:c210-0 liszt: 3092
2:c211-0 liszt: 3102
2:c212-0 liszt: 3919
2:c213-0 liszt: 3930
2:c214-0 liszt: 3941
2:c215-0 liszt: 3133
2:c216-0 liszt: 3143
2:c217-0 liszt: 3969
2:c218-0 liszt: 3980
2:c219-0 liszt: 3991
2:c220-0 liszt: 3174
2:c221-0 liszt: 3184
2:c222-0 liszt: 4019
2:c223-0 liszt: 4030
2:c224-0 liszt: 4041
2:c225-0 liszt: 3215
2:c226-0 liszt: 3225
2:c227-0 liszt: 4069
2:c228-0 liszt: 4080
2:c229-0 liszt: 4091
2:c230-0 liszt: 3256
2:c231-0 liszt: 3266
2:c232-0 liszt: 4119
2:c233-0 liszt: 4130
2:c234-0 liszt: 4141
2:c235-0 liszt: 3297
2:c236-0 liszt: 3307
2:c237-0 liszt: 4169
2:c238-0 liszt: 4180
2:c239-0 liszt: 4191
2:c240-0 liszt: 3338
2:c241-0 liszt: 3348
2:c242-0 liszt: 4219
2:c243-0 liszt: 4230
2:c244-0 liszt: 4241
2:c245-0 liszt: 3379
2:c246-0 liszt: 2516
2:c247-0 liszt: 3392
2:c248-0 liszt: 3398
2:c249-0 liszt: 3404
2:c250-0 liszt: 2533
