0 liszt: MOOSAUCES
1:f0-0 liszt: F2: 0
1:f1-0 liszt: F2: 1
1:f2-0 liszt: F2: 2
1:f3-0 liszt: F2: 3
1:f4-0 liszt: F2: 4
1:f5-0 liszt: F2: 5
1:f6-0 liszt: F2: 6
1:f7-0 liszt: F2: 7
1:f8-0 liszt: F2: 8
1:f9-0 liszt: F2: 9
1:f10-0 liszt: F2: 10
1:f11-0 liszt: F2: 11
1:f12-0 liszt: F2: 12
1:f13-0 liszt: F2: 13
1:f14-0 liszt: F2: 14
1:f15-0 liszt: F2: 15
1:f16-0 liszt: F2: 16
1:f17-0 liszt: F2: 17
1:f18-0 liszt: F2: 18
1:f19-0 liszt: F2: 19
1:f20-0 liszt: F2: 20
1:f21-0 liszt: F2: 21
1:f22-0 liszt: F2: 22
1:f23-0 liszt: F2: 23
1:f24-0 liszt: F2: 24
1:f25-0 liszt: F2: 25
1:f26-0 liszt: F2: 26
1:f27-0 liszt: F2: 27
1:f28-0 liszt: F2: 28
1:f29-0 liszt: F2: 29
1:f30-0 liszt: F2: 30
1:f31-0 liszt: F2: 31
1:f32-0 liszt: F2: 32
1:f33-0 liszt: F2: 33
1:f34-0 liszt: F2: 34
1:f35-0 liszt: F2: 35
1:f36-0 liszt: F2: 36
1:f37-0 liszt: F2: 37
1:f38-0 liszt: F2: 38
1:f39-0 liszt: F2: 39
1:f40-0 liszt: F2: 40
1:f41-0 liszt: F2: 41
1:f42-0 liszt: F2: 42
1:f43-0 liszt: F2: 43
1:f44-0 liszt: F2: 44
1:f45-0 liszt: F2: 45
1:f46-0 liszt: F2: 46
1:f47-0 liszt: F2: 47
1:f48-0 liszt: F2: 48
1:f49-0 liszt: F2: 49
1:f50-0 liszt: F2: 50
1:f51-0 liszt: F2: 51
1:f52-0 liszt: F2: 52
1:f53-0 liszt: F2: 53
1:f54-0 liszt: F2: 54
1:f55-0 liszt: F2: 55
1:f56-0 liszt: F2: 56
1:f57-0 liszt: F2: 57
1:f58-0 liszt: F2: 58
1:f59-0 liszt: F2: 59
1:f60-0 liszt: F2: 60
1:f61-0 liszt: F2: 61
1:f62-0 liszt: F2: 62
1:f63-0 liszt: F2: 63
1:f64-0 liszt: F2: 64
1:f65-0 liszt: F2: 65
1:f66-0 liszt: F2: 66
1:f67-0 liszt: F2: 67
1:f68-0 liszt: F2: 68
1:f69-0 liszt: F2: 69
1:f70-0 liszt: F2: 70
1:f71-0 liszt: F2: 71
1:f72-0 liszt: F2: 72
1:f73-0 liszt: F2: 73
1:f74-0 liszt: F2: 74
1:f75-0 liszt: F2: 75
1:f76-0 liszt: F2: 76
1:f77-0 liszt: F2: 77
1:f78-0 liszt: F2: 78
1:f79-0 liszt: F2: 79
1:f80-0 liszt: F2: 80
1:f81-0 liszt: F2: 81
1:f82-0 liszt: F2: 82
1:f83-0 liszt: F2: 83
1:f84-0 liszt: F2: 84
1:f85-0 liszt: F2: 85
1:f86-0 liszt: F2: 86
1:f87-0 liszt: F2: 87
1:f88-0 liszt: F2: 88
1:f89-0 liszt: F2: 89
1:f90-0 liszt: F2: 90
1:f91-0 liszt: F2: 91
1:f92-0 liszt: F2: 92
1:f93-0 liszt: F2: 93
1:f94-0 liszt: F2: 94
1:f95-0 liszt: F2: 95
1:f96-0 liszt: F2: 96
1:f97-0 liszt: F2: 97
1:f98-0 liszt: F2: 98
1:f99-0 liszt: F2: 99
1:f100-0 liszt: F2: 100
1:f101-0 liszt: F2: 101
1:f102-0 liszt: F2: 102
1:f103-0 liszt: F2: 103
1:f104-0 liszt: F2: 104
1:f105-0 liszt: F2: 105
1:f106-0 liszt: F2: 106
1:f107-0 liszt: F2: 107
1:f108-0 liszt: F2: 108
1:f109-0 liszt: F2: 109
1:f110-0 liszt: F2: 110
1:f111-0 liszt: F2: 111
1:f112-0 liszt: F2: 112
1:f113-0 liszt: F2: 113
1:f114-0 liszt: F2: 114
1:f115-0 liszt: F2: 115
1:f116-0 liszt: F2: 116
1:f117-0 liszt: F2: 117
1:f118-0 liszt: F2: 118
1:f119-0 liszt: F2: 119
1:f120-0 liszt: F2: 120
1:f121-0 liszt: F2: 121
1:f122-0 liszt: F2: 122
1:f123-0 liszt: F2: 123
1:f124-0 liszt: F2: 124
1:f125-0 liszt: F2: 125
1:f126-0 liszt: F2: 126
1:f127-0 liszt: F2: 127
1:f128-0 liszt: F2: 128
1:f129-0 liszt: F2: 129
1:f130-0 liszt: F2: 130
1:f131-0 liszt: F2: 131
1:f132-0 liszt: F2: 132
1:f133-0 liszt: F2: 133
1:f134-0 liszt: F2: 134
1:f135-0 liszt: F2: 135
1:f136-0 liszt: F2: 136
1:f137-0 liszt: F2: 137
1:f138-0 liszt: F2: 138
1:f139-0 liszt: F2: 139
1:f140-0 liszt: F2: 140
1:f141-0 liszt: F2: 141
1:f142-0 liszt: F2: 142
1:f143-0 liszt: F2: 143
1:f144-0 liszt: F2: 144
1:f145-0 liszt: F2: 145
1:f146-0 liszt: F2: 146
1:f147-0 liszt: F2: 147
1:f148-0 liszt: F2: 148
1:f149-0 liszt: F2: 149
1:f150-0 liszt: F2: 150
1:f151-0 liszt: F2: 151
1:f152-0 liszt: F2: 152
1:f153-0 liszt: F2: 153
1:f154-0 liszt: F2: 154
1:f155-0 liszt: F2: 155
1:f156-0 liszt: F2: 156
1:f157-0 liszt: F2: 157
1:f158-0 liszt: F2: 158
1:f159-0 liszt: F2: 159
1:f160-0 liszt: F2: 160
1:f161-0 liszt: F2: 161
1:f162-0 liszt: F2: 162
1:f163-0 liszt: F2: 163
1:f164-0 liszt: F2: 164
1:f165-0 liszt: F2: 165
1:f166-0 liszt: F2: 166
1:f167-0 liszt: F2: 167
1:f168-0 liszt: F2: 168
1:f169-0 liszt: F2: 169
1:f170-0 liszt: F2: 170
1:f171-0 liszt: F2: 171
1:f172-0 liszt: F2: 172
1:f173-0 liszt: F2: 173
1:f174-0 liszt: F2: 174
1:f175-0 liszt: F2: 175
1:f176-0 liszt: F2: 176
1:f177-0 liszt: F2: 177
1:f178-0 liszt: F2: 178
1:f179-0 liszt: F2: 179
1:f180-0 liszt: F2: 180
1:f181-0 liszt: F2: 181
1:f182-0 liszt: F2: 182
1:f183-0 liszt: F2: 183
1:f184-0 liszt: F2: 184
1:f185-0 liszt: F2: 185
1:f186-0 liszt: F2: 186
1:f187-0 liszt: F2: 187
1:f188-0 liszt: F2: 188
1:f189-0 liszt: F2: 189
1:f190-0 liszt: F2: 190
1:f191-0 liszt: F2: 191
1:f192-0 liszt: F2: 192
1:f193-0 liszt: F2: 193
1:f194-0 liszt: F2: 194
1:f195-0 liszt: F2: 195
1:f196-0 liszt: F2: 196
1:f197-0 liszt: F2: 197
1:f198-0 liszt: F2: 198
1:f199-0 liszt: F2: 199
1:f200-0 liszt: F2: 200
1:f201-0 liszt: F2: 201
1:f202-0 liszt: F2: 202
1:f203-0 liszt: F2: 203
1:f204-0 liszt: F2: 204
1:f205-0 liszt: F2: 205
1:f206-0 liszt: F2: 206
1:f207-0 liszt: F2: 207
1:f208-0 liszt: F2: 208
1:f209-0 liszt: F2: 209
1:f210-0 liszt: F2: 210
1:f211-0 liszt: F2: 211
1:f212-0 liszt: F2: 212
1:f213-0 liszt: F2: 213
1:f214-0 liszt: F2: 214
1:f215-0 liszt: F2: 215
1:f216-0 liszt: F2: 216
1:f217-0 liszt: F2: 217
1:f218-0 liszt: F2: 218
1:f219-0 liszt: F2: 219
1:f220-0 liszt: F2: 220
1:f221-0 liszt: F2: 221
1:f222-0 liszt: F2: 222
1:f223-0 liszt: F2: 223
1:f224-0 liszt: F2: 224
1:f225-0 liszt: F2: 225
1:f226-0 liszt: F2: 226
1:f227-0 liszt: F2: 227
1:f228-0 liszt: F2: 228
1:f229-0 liszt: F2: 229
1:f230-0 liszt: F2: 230
1:f231-0 liszt: F2: 231
1:f232-0 liszt: F2: 232
1:f233-0 liszt: F2: 233
1:f234-0 liszt: F2: 234
1:f235-0 liszt: F2: 235
1:f236-0 liszt: F2: 236
1:f237-0 liszt: F2: 237
1:f238-0 liszt: F2: 238
1:f239-0 liszt: F2: 239
1:f240-0 liszt: F2: 240
1:f241-0 liszt: F2: 241
1:f242-0 liszt: F2: 242
1:f243-0 liszt: F2: 243
1:f244-0 liszt: F2: 244
1:f245-0 liszt: F2: 245
1:f246-0 liszt: F2: 246
1:f247-0 liszt: F2: 247
1:f248-0 liszt: F2: 248
1:f249-0 liszt: F2: 249
1:f250-0 liszt: F2: 250
1:f251-0 liszt: F2: 251
1:f252-0 liszt: F2: 252
1:f253-0 liszt: F2: 253
1:f254-0 liszt: F2: 254
1:f255-0 liszt: F2: 255
1:f256-0 liszt: F2: 256
1:f257-0 liszt: F2: 257
1:f258-0 liszt: F2: 258
1:f259-0 liszt: F2: 259
1:f260-0 liszt: F2: 260
1:f261-0 liszt: F2: 261
1:f262-0 liszt: F2: 262
1:f263-0 liszt: F2: 263
1:f264-0 liszt: F2: 264
1:f265-0 liszt: F2: 265
1:f266-0 liszt: F2: 266
1:f267-0 liszt: F2: 267
1:f268-0 liszt: F2: 268
1:f269-0 liszt: F2: 269
1:f270-0 liszt: F2: 270
1:f271-0 liszt: F2: 271
1:f272-0 liszt: F2: 272
1:f273-0 liszt: F2: 273
1:f274-0 liszt: F2: 274
1:f275-0 liszt: F2: 275
1:f276-0 liszt: F2: 276
1:f277-0 liszt: F2: 277
1:f278-0 liszt: F2: 278
1:f279-0 liszt: F2: 279
1:f280-0 liszt: F2: 280
1:f281-0 liszt: F2: 281
1:f282-0 liszt: F2: 282
1:f283-0 liszt: F2: 283
1:f284-0 liszt: F2: 284
1:f285-0 liszt: F2: 285
1:f286-0 liszt: F2: 286
1:f287-0 liszt: F2: 287
1:f288-0 liszt: F2: 288
1:f289-0 liszt: F2: 289
1:f290-0 liszt: F2: 290
1:f291-0 liszt: F2: 291
1:f292-0 liszt: F2: 292
1:f293-0 liszt: F2: 293
1:f294-0 liszt: F2: 294
1:f295-0 liszt: F2: 295
1:f296-0 liszt: F2: 296
1:f297-0 liszt: F2: 297
1:f298-0 liszt: F2: 298
1:f299-0 liszt: F2: 299
1:f300-0 liszt: F2: 300
1:f301-0 liszt: F2: 301
1:f302-0 liszt: F2: 302
1:f303-0 liszt: F2: 303
1:f304-0 liszt: F2: 304
1:f305-0 liszt: F2: 305
1:f306-0 liszt: F2: 306
1:f307-0 liszt: F2: 307
1:f308-0 liszt: F2: 308
1:f309-0 liszt: F2: 309
1:f310-0 liszt: F2: 310
1:f311-0 liszt: F2: 311
1:f312-0 liszt: F2: 312
1:f313-0 liszt: F2: 313
1:f314-0 liszt: F2: 314
1:f315-0 liszt: F2: 315
1:f316-0 liszt: F2: 316
1:f317-0 liszt: F2: 317
1:f318-0 liszt: F2: 318
1:f319-0 liszt: F2: 319
1:f320-0 liszt: F2: 320
1:f321-0 liszt: F2: 321
1:f322-0 liszt: F2: 322
1:f323-0 liszt: F2: 323
1:f324-0 liszt: F2: 324
1:f325-0 liszt: F2: 325
1:f326-0 liszt: F2: 326
1:f327-0 liszt: F2: 327
1:f328-0 liszt: F2: 328
1:f329-0 liszt: F2: 329
1:f330-0 liszt: F2: 330
1:f331-0 liszt: F2: 331
1:f332-0 liszt: F2: 332
1:f333-0 liszt: F2: 333
1:f334-0 liszt: F2: 334
1:f335-0 liszt: F2: 335
1:f336-0 liszt: F2: 336
1:f337-0 liszt: F2: 337
1:f338-0 liszt: F2: 338
1:f339-0 liszt: F2: 339
1:f340-0 liszt: F2: 340
1:f341-0 liszt: F2: 341
1:f342-0 liszt: F2: 342
1:f343-0 liszt: F2: 343
1:f344-0 liszt: F2: 344
1:f345-0 liszt: F2: 345
1:f346-0 liszt: F2: 346
1:f347-0 liszt: F2: 347
1:f348-0 liszt: F2: 348
1:f349-0 liszt: F2: 349
1:f350-0 liszt: F2: 350
1:f351-0 liszt: F2: 351
1:f352-0 liszt: F2: 352
1:f353-0 liszt: F2: 353
1:f354-0 liszt: F2: 354
1:f355-0 liszt: F2: 355
1:f356-0 liszt: F2: 356
1:f357-0 liszt: F2: 357
1:f358-0 liszt: F2: 358
1:f359-0 liszt: F2: 359
1:f360-0 liszt: F2: 360
1:f361-0 liszt: F2: 361
1:f362-0 liszt: F2: 362
1:f363-0 liszt: F2: 363
1:f364-0 liszt: F2: 364
1:f365-0 liszt: F2: 365
1:f366-0 liszt: F2: 366
1:f367-0 liszt: F2: 367
1:f368-0 liszt: F2: 368
1:f369-0 liszt: F2: 369
1:f370-0 liszt: F2: 370
1:f371-0 liszt: F2: 371
1:f372-0 liszt: F2: 372
1:f373-0 liszt: F2: 373
1:f374-0 liszt: F2: 374
1:f375-0 liszt: F2: 375
1:f376-0 liszt: F2: 376
1:f377-0 liszt: F2: 377
1:f378-0 liszt: F2: 378
1:f379-0 liszt: F2: 379
1:f380-0 liszt: F2: 380
1:f381-0 liszt: F2: 381
1:f382-0 liszt: F2: 382
1:f383-0 liszt: F2: 383
1:f384-0 liszt: F2: 384
1:f385-0 liszt: F2: 385
1:f386-0 liszt: F2: 386
1:f387-0 liszt: F2: 387
1:f388-0 liszt: F2: 388
1:f389-0 liszt: F2: 389
1:f390-0 liszt: F2: 390
1:f391-0 liszt: F2: 391
1:f392-0 liszt: F2: 392
1:f393-0 liszt: F2: 393
1:f394-0 liszt: F2: 394
1:f395-0 liszt: F2: 395
1:f396-0 liszt: F2: 396
1:f397-0 liszt: F2: 397
1:f398-0 liszt: F2: 398
1:f399-0 liszt: F2: 399
1:f400-0 liszt: F2: 400
1:f401-0 liszt: F2: 401
1:f402-0 liszt: F2: 402
1:f403-0 liszt: F2: 403
1:f404-0 liszt: F2: 404
1:f405-0 liszt: F2: 405
1:f406-0 liszt: F2: 406
1:f407-0 liszt: F2: 407
1:f408-0 liszt: F2: 408
1:f409-0 liszt: F2: 409
1:f410-0 liszt: F2: 410
1:f411-0 liszt: F2: 411
1:f412-0 liszt: F2: 412
1:f413-0 liszt: F2: 413
1:f414-0 liszt: F2: 414
1:f415-0 liszt: F2: 415
1:f416-0 liszt: F2: 416
1:f417-0 liszt: F2: 417
1:f418-0 liszt: F2: 418
1:f419-0 liszt: F2: 419
1:f420-0 liszt: F2: 420
1:f421-0 liszt: F2: 421
1:f422-0 liszt: F2: 422
1:f423-0 liszt: F2: 423
1:f424-0 liszt: F2: 424
1:f425-0 liszt: F2: 425
1:f426-0 liszt: F2: 426
1:f427-0 liszt: F2: 427
1:f428-0 liszt: F2: 428
1:f429-0 liszt: F2: 429
1:f430-0 liszt: F2: 430
1:f431-0 liszt: F2: 431
1:f432-0 liszt: F2: 432
1:f433-0 liszt: F2: 433
1:f434-0 liszt: F2: 434
1:f435-0 liszt: F2: 435
1:f436-0 liszt: F2: 436
1:f437-0 liszt: F2: 437
1:f438-0 liszt: F2: 438
1:f439-0 liszt: F2: 439
1:f440-0 liszt: F2: 440
1:f441-0 liszt: F2: 441
1:f442-0 liszt: F2: 442
1:f443-0 liszt: F2: 443
1:f444-0 liszt: F2: 444
1:f445-0 liszt: F2: 445
1:f446-0 liszt: F2: 446
1:f447-0 liszt: F2: 447
1:f448-0 liszt: F2: 448
1:f449-0 liszt: F2: 449
1:f450-0 liszt: F2: 450
1:f451-0 liszt: F2: 451
1:f452-0 liszt: F2: 452
1:f453-0 liszt: F2: 453
1:f454-0 liszt: F2: 454
1:f455-0 liszt: F2: 455
1:f456-0 liszt: F2: 456
1:f457-0 liszt: F2: 457
1:f458-0 liszt: F2: 458
1:f459-0 liszt: F2: 459
1:f460-0 liszt: F2: 460
1:f461-0 liszt: F2: 461
1:f462-0 liszt: F2: 462
1:f463-0 liszt: F2: 463
1:f464-0 liszt: F2: 464
1:f465-0 liszt: F2: 465
1:f466-0 liszt: F2: 466
1:f467-0 liszt: F2: 467
1:f468-0 liszt: F2: 468
1:f469-0 liszt: F2: 469
1:f470-0 liszt: F2: 470
1:f471-0 liszt: F2: 471
1:f472-0 liszt: F2: 472
1:f473-0 liszt: F2: 473
1:f474-0 liszt: F2: 474
1:f475-0 liszt: F2: 475
1:f476-0 liszt: F2: 476
1:f477-0 liszt: F2: 477
1:f478-0 liszt: F2: 478
1:f479-0 liszt: F2: 479
1:f480-0 liszt: F2: 480
1:f481-0 liszt: F2: 481
1:f482-0 liszt: F2: 482
1:f483-0 liszt: F2: 483
1:f484-0 liszt: F2: 484
1:f485-0 liszt: F2: 485
1:f486-0 liszt: F2: 486
1:f487-0 liszt: F2: 487
1:f488-0 liszt: F2: 488
1:f489-0 liszt: F2: 489
1:f490-0 liszt: F2: 490
1:f491-0 liszt: F2: 491
1:f492-0 liszt: F2: 492
1:f493-0 liszt: F2: 493
1:f494-0 liszt: F2: 494
1:f495-0 liszt: F2: 495
1:f496-0 liszt: F2: 496
1:f497-0 liszt: F2: 497
1:f498-0 liszt: F2: 498
1:f499-0 liszt: F2: 499
1:f500-0 liszt: F2: 500
1:f501-0 liszt: F2: 501
1:f502-0 liszt: F2: 502
1:f503-0 liszt: F2: 503
1:f504-0 liszt: F2: 504
1:f505-0 liszt: F2: 505
1:f506-0 liszt: F2: 506
1:f507-0 liszt: F2: 507
1:f508-0 liszt: F2: 508
1:f509-0 liszt: F2: 509
1:f510-0 liszt: F2: 510
1:f511-0 liszt: F2: 511
1:f512-0 liszt: F2: 512
1:f513-0 liszt: F2: 513
1:f514-0 liszt: F2: 514
1:f515-0 liszt: F2: 515
1:f516-0 liszt: F2: 516
1:f517-0 liszt: F2: 517
1:f518-0 liszt: F2: 518
1:f519-0 liszt: F2: 519
1:f520-0 liszt: F2: 520
1:f521-0 liszt: F2: 521
1:f522-0 liszt: F2: 522
1:f523-0 liszt: F2: 523
1:f524-0 liszt: F2: 524
1:f525-0 liszt: F2: 525
1:f526-0 liszt: F2: 526
1:f527-0 liszt: F2: 527
1:f528-0 liszt: F2: 528
1:f529-0 liszt: F2: 529
1:f530-0 liszt: F2: 530
1:f531-0 liszt: F2: 531
1:f532-0 liszt: F2: 532
1:f533-0 liszt: F2: 533
1:f534-0 liszt: F2: 534
1:f535-0 liszt: F2: 535
1:f536-0 liszt: F2: 536
1:f537-0 liszt: F2: 537
1:f538-0 liszt: F2: 538
1:f539-0 liszt: F2: 539
1:f540-0 liszt: F2: 540
1:f541-0 liszt: F2: 541
1:f542-0 liszt: F2: 542
1:f543-0 liszt: F2: 543
1:f544-0 liszt: F2: 544
1:f545-0 liszt: F2: 545
1:f546-0 liszt: F2: 546
1:f547-0 liszt: F2: 547
1:f548-0 liszt: F2: 548
1:f549-0 liszt: F2: 549
1:f550-0 liszt: F2: 550
1:f551-0 liszt: F2: 551
1:f552-0 liszt: F2: 552
1:f553-0 liszt: F2: 553
1:f554-0 liszt: F2: 554
1:f555-0 liszt: F2: 555
1:f556-0 liszt: F2: 556
1:f557-0 liszt: F2: 557
1:f558-0 liszt: F2: 558
1:f559-0 liszt: F2: 559
1:f560-0 liszt: F2: 560
1:f561-0 liszt: F2: 561
1:f562-0 liszt: F2: 562
1:f563-0 liszt: F2: 563
1:f564-0 liszt: F2: 564
1:f565-0 liszt: F2: 565
1:f566-0 liszt: F2: 566
1:f567-0 liszt: F2: 567
1:f568-0 liszt: F2: 568
1:f569-0 liszt: F2: 569
1:f570-0 liszt: F2: 570
1:f571-0 liszt: F2: 571
1:f572-0 liszt: F2: 572
1:f573-0 liszt: F2: 573
1:f574-0 liszt: F2: 574
1:f575-0 liszt: F2: 575
1:f576-0 liszt: F2: 576
1:f577-0 liszt: F2: 577
1:f578-0 liszt: F2: 578
1:f579-0 liszt: F2: 579
1:f580-0 liszt: F2: 580
1:f581-0 liszt: F2: 581
1:f582-0 liszt: F2: 582
1:f583-0 liszt: F2: 583
1:f584-0 liszt: F2: 584
1:f585-0 liszt: F2: 585
1:f586-0 liszt: F2: 586
1:f587-0 liszt: F2: 587
1:f588-0 liszt: F2: 588
1:f589-0 liszt: F2: 589
1:f590-0 liszt: F2: 590
1:f591-0 liszt: F2: 591
1:f592-0 liszt: F2: 592
1:f593-0 liszt: F2: 593
1:f594-0 liszt: F2: 594
1:f595-0 liszt: F2: 595
1:f596-0 liszt: F2: 596
1:f597-0 liszt: F2: 597
1:f598-0 liszt: F2: 598
1:f599-0 liszt: F2: 599
1:f600-0 liszt: F2: 600
1:f601-0 liszt: F2: 601
1:f602-0 liszt: F2: 602
1:f603-0 liszt: F2: 603
1:f604-0 liszt: F2: 604
1:f605-0 liszt: F2: 605
1:f606-0 liszt: F2: 606
1:f607-0 liszt: F2: 607
1:f608-0 liszt: F2: 608
1:f609-0 liszt: F2: 609
1:f610-0 liszt: F2: 610
1:f611-0 liszt: F2: 611
1:f612-0 liszt: F2: 612
1:f613-0 liszt: F2: 613
1:f614-0 liszt: F2: 614
1:f615-0 liszt: F2: 615
1:f616-0 liszt: F2: 616
1:f617-0 liszt: F2: 617
1:f618-0 liszt: F2: 618
1:f619-0 liszt: F2: 619
1:f620-0 liszt: F2: 620
1:f621-0 liszt: F2: 621
1:f622-0 liszt: F2: 622
1:f623-0 liszt: F2: 623
1:f624-0 liszt: F2: 624
1:f625-0 liszt: F2: 625
1:f626-0 liszt: F2: 626
1:f627-0 liszt: F2: 627
1:f628-0 liszt: F2: 628
1:f629-0 liszt: F2: 629
1:f630-0 liszt: F2: 630
1:f631-0 liszt: F2: 631
1:f632-0 liszt: F2: 632
1:f633-0 liszt: F2: 633
1:f634-0 liszt: F2: 634
1:f635-0 liszt: F2: 635
1:f636-0 liszt: F2: 636
1:f637-0 liszt: F2: 637
1:f638-0 liszt: F2: 638
1:f639-0 liszt: F2: 639
1:f640-0 liszt: F2: 640
1:f641-0 liszt: F2: 641
1:f642-0 liszt: F2: 642
1:f643-0 liszt: F2: 643
1:f644-0 liszt: F2: 644
1:f645-0 liszt: F2: 645
1:f646-0 liszt: F2: 646
1:f647-0 liszt: F2: 647
1:f648-0 liszt: F2: 648
1:f649-0 liszt: F2: 649
1:f650-0 liszt: F2: 650
1:f651-0 liszt: F2: 651
1:f652-0 liszt: F2: 652
1:f653-0 liszt: F2: 653
1:f654-0 liszt: F2: 654
1:f655-0 liszt: F2: 655
1:f656-0 liszt: F2: 656
1:f657-0 liszt: F2: 657
1:f658-0 liszt: F2: 658
1:f659-0 liszt: F2: 659
1:f660-0 liszt: F2: 660
1:f661-0 liszt: F2: 661
1:f662-0 liszt: F2: 662
1:f663-0 liszt: F2: 663
1:f664-0 liszt: F2: 664
1:f665-0 liszt: F2: 665
1:f666-0 liszt: F2: 666
1:f667-0 liszt: F2: 667
1:f668-0 liszt: F2: 668
1:f669-0 liszt: F2: 669
1:f670-0 liszt: F2: 670
1:f671-0 liszt: F2: 671
1:f672-0 liszt: F2: 672
1:f673-0 liszt: F2: 673
1:f674-0 liszt: F2: 674
1:f675-0 liszt: F2: 675
1:f676-0 liszt: F2: 676
1:f677-0 liszt: F2: 677
1:f678-0 liszt: F2: 678
1:f679-0 liszt: F2: 679
1:f680-0 liszt: F2: 680
1:f681-0 liszt: F2: 681
1:f682-0 liszt: F2: 682
1:f683-0 liszt: F2: 683
1:f684-0 liszt: F2: 684
1:f685-0 liszt: F2: 685
1:f686-0 liszt: F2: 686
1:f687-0 liszt: F2: 687
1:f688-0 liszt: F2: 688
1:f689-0 liszt: F2: 689
1:f690-0 liszt: F2: 690
1:f691-0 liszt: F2: 691
1:f692-0 liszt: F2: 692
1:f693-0 liszt: F2: 693
1:f694-0 liszt: F2: 694
1:f695-0 liszt: F2: 695
1:f696-0 liszt: F2: 696
1:f697-0 liszt: F2: 697
1:f698-0 liszt: F2: 698
1:f699-0 liszt: F2: 699
1:f700-0 liszt: F2: 700
1:f701-0 liszt: F2: 701
1:f702-0 liszt: F2: 702
1:f703-0 liszt: F2: 703
1:f704-0 liszt: F2: 704
1:f705-0 liszt: F2: 705
1:f706-0 liszt: F2: 706
1:f707-0 liszt: F2: 707
1:f708-0 liszt: F2: 708
1:f709-0 liszt: F2: 709
1:f710-0 liszt: F2: 710
1:f711-0 liszt: F2: 711
1:f712-0 liszt: F2: 712
1:f713-0 liszt: F2: 713
1:f714-0 liszt: F2: 714
1:f715-0 liszt: F2: 715
1:f716-0 liszt: F2: 716
1:f717-0 liszt: F2: 717
1:f718-0 liszt: F2: 718
1:f719-0 liszt: F2: 719
1:f720-0 liszt: F2: 720
1:f721-0 liszt: F2: 721
1:f722-0 liszt: F2: 722
1:f723-0 liszt: F2: 723
1:f724-0 liszt: F2: 724
1:f725-0 liszt: F2: 725
1:f726-0 liszt: F2: 726
1:f727-0 liszt: F2: 727
1:f728-0 liszt: F2: 728
1:f729-0 liszt: F2: 729
1:f730-0 liszt: F2: 730
1:f731-0 liszt: F2: 731
1:f732-0 liszt: F2: 732
1:f733-0 liszt: F2: 733
1:f734-0 liszt: F2: 734
1:f735-0 liszt: F2: 735
1:f736-0 liszt: F2: 736
1:f737-0 liszt: F2: 737
1:f738-0 liszt: F2: 738
1:f739-0 liszt: F2: 739
1:f740-0 liszt: F2: 740
1:f741-0 liszt: F2: 741
1:f742-0 liszt: F2: 742
1:f743-0 liszt: F2: 743
1:f744-0 liszt: F2: 744
1:f745-0 liszt: F2: 745
1:f746-0 liszt: F2: 746
1:f747-0 liszt: F2: 747
1:f748-0 liszt: F2: 748
1:f749-0 liszt: F2: 749
1:f750-0 liszt: F2: 750
1:f751-0 liszt: F2: 751
1:f752-0 liszt: F2: 752
1:f753-0 liszt: F2: 753
1:f754-0 liszt: F2: 754
1:f755-0 liszt: F2: 755
1:f756-0 liszt: F2: 756
1:f757-0 liszt: F2: 757
1:f758-0 liszt: F2: 758
1:f759-0 liszt: F2: 759
1:f760-0 liszt: F2: 760
1:f761-0 liszt: F2: 761
1:f762-0 liszt: F2: 762
1:f763-0 liszt: F2: 763
1:f764-0 liszt: F2: 764
1:f765-0 liszt: F2: 765
1:f766-0 liszt: F2: 766
1:f767-0 liszt: F2: 767
1:f768-0 liszt: F2: 768
1:f769-0 liszt: F2: 769
1:f770-0 liszt: F2: 770
1:f771-0 liszt: F2: 771
1:f772-0 liszt: F2: 772
1:f773-0 liszt: F2: 773
1:f774-0 liszt: F2: 774
1:f775-0 liszt: F2: 775
1:f776-0 liszt: F2: 776
1:f777-0 liszt: F2: 777
1:f778-0 liszt: F2: 778
1:f779-0 liszt: F2: 779
1:f780-0 liszt: F2: 780
1:f781-0 liszt: F2: 781
1:f782-0 liszt: F2: 782
1:f783-0 liszt: F2: 783
1:f784-0 liszt: F2: 784
1:f785-0 liszt: F2: 785
1:f786-0 liszt: F2: 786
1:f787-0 liszt: F2: 787
1:f788-0 liszt: F2: 788
1:f789-0 liszt: F2: 789
1:f790-0 liszt: F2: 790
1:f791-0 liszt: F2: 791
1:f792-0 liszt: F2: 792
1:f793-0 liszt: F2: 793
1:f794-0 liszt: F2: 794
1:f795-0 liszt: F2: 795
1:f796-0 liszt: F2: 796
1:f797-0 liszt: F2: 797
1:f798-0 liszt: F2: 798
1:f799-0 liszt: F2: 799
1:f800-0 liszt: F2: 800
1:f801-0 liszt: F2: 801
1:f802-0 liszt: F2: 802
1:f803-0 liszt: F2: 803
1:f804-0 liszt: F2: 804
1:f805-0 liszt: F2: 805
1:f806-0 liszt: F2: 806
1:f807-0 liszt: F2: 807
1:f808-0 liszt: F2: 808
1:f809-0 liszt: F2: 809
1:f810-0 liszt: F2: 810
1:f811-0 liszt: F2: 811
1:f812-0 liszt: F2: 812
1:f813-0 liszt: F2: 813
1:f814-0 liszt: F2: 814
1:f815-0 liszt: F2: 815
1:f816-0 liszt: F2: 816
1:f817-0 liszt: F2: 817
1:f818-0 liszt: F2: 818
1:f819-0 liszt: F2: 819
1:f820-0 liszt: F2: 820
1:f821-0 liszt: F2: 821
1:f822-0 liszt: F2: 822
1:f823-0 liszt: F2: 823
1:f824-0 liszt: F2: 824
1:f825-0 liszt: F2: 825
1:f826-0 liszt: F2: 826
1:f827-0 liszt: F2: 827
1:f828-0 liszt: F2: 828
1:f829-0 liszt: F2: 829
1:f830-0 liszt: F2: 830
1:f831-0 liszt: F2: 831
1:f832-0 liszt: F2: 832
1:f833-0 liszt: F2: 833
1:f834-0 liszt: F2: 834
1:f835-0 liszt: F2: 835
1:f836-0 liszt: F2: 836
1:f837-0 liszt: F2: 837
1:f838-0 liszt: F2: 838
1:f839-0 liszt: F2: 839
1:f840-0 liszt: F2: 840
1:f841-0 liszt: F2: 841
1:f842-0 liszt: F2: 842
1:f843-0 liszt: F2: 843
1:f844-0 liszt: F2: 844
1:f845-0 liszt: F2: 845
1:f846-0 liszt: F2: 846
1:f847-0 liszt: F2: 847
1:f848-0 liszt: F2: 848
1:f849-0 liszt: F2: 849
1:f850-0 liszt: F2: 850
1:f851-0 liszt: F2: 851
1:f852-0 liszt: F2: 852
1:f853-0 liszt: F2: 853
1:f854-0 liszt: F2: 854
1:f855-0 liszt: F2: 855
1:f856-0 liszt: F2: 856
1:f857-0 liszt: F2: 857
1:f858-0 liszt: F2: 858
1:f859-0 liszt: F2: 859
1:f860-0 liszt: F2: 860
1:f861-0 liszt: F2: 861
1:f862-0 liszt: F2: 862
1:f863-0 liszt: F2: 863
1:f864-0 liszt: F2: 864
1:f865-0 liszt: F2: 865
1:f866-0 liszt: F2: 866
1:f867-0 liszt: F2: 867
1:f868-0 liszt: F2: 868
1:f869-0 liszt: F2: 869
1:f870-0 liszt: F2: 870
1:f871-0 liszt: F2: 871
1:f872-0 liszt: F2: 872
1:f873-0 liszt: F2: 873
1:f874-0 liszt: F2: 874
