4:c1-0 liszt: 5
4:c2-0 liszt: 5
4:c3-0 liszt: 5
4:c4-0 liszt: 5
4:c5-0 liszt: 5
4:c6-0 liszt: 5
4:c7-0 liszt: 5
4:c8-0 liszt: 5
4:c9-0 liszt: 5
4:c10-0 liszt: 5
4:c11-0 liszt: 5
4:c12-0 liszt: 5
4:c13-0 liszt: 5
4:c14-0 liszt: 5
4:c15-0 liszt: 5
4:c16-0 liszt: 5
4:c17-0 liszt: 5
4:c18-0 liszt: 5
4:c19-0 liszt: 5
4:c20-0 liszt: 5
4:c21-0 liszt: 5
4:c22-0 liszt: 5
4:c23-0 liszt: 5
4:c24-0 liszt: 5
4:c25-0 liszt: 5
4:c26-0 liszt: 5
4:c27-0 liszt: 5
4:c28-0 liszt: 5
4:c29-0 liszt: 5
4:c30-0 liszt: 5
4:c31-0 liszt: 5
4:c32-0 liszt: 5
4:c33-0 liszt: 5
4:c34-0 liszt: 5
4:c35-0 liszt: 5
4:c36-0 liszt: 5
4:c37-0 liszt: 5
4:c38-0 liszt: 5
4:c39-0 liszt: 5
4:c40-0 liszt: 5
4:c41-0 liszt: 5
4:c42-0 liszt: 5
4:c43-0 liszt: 5
4:c44-0 liszt: 5
4:c45-0 liszt: 5
4:c46-0 liszt: 5
4:c47-0 liszt: 5
4:c48-0 liszt: 5
4:c49-0 liszt: 5
4:c50-0 liszt: 5
4:c51-0 liszt: 5
4:c52-0 liszt: 5
4:c53-0 liszt: 5
4:c54-0 liszt: 5
4:c55-0 liszt: 5
4:c56-0 liszt: 5
4:c57-0 liszt: 5
4:c58-0 liszt: 5
4:c59-0 liszt: 5
4:c60-0 liszt: 5
4:c61-0 liszt: 5
4:c62-0 liszt: 5
4:c63-0 liszt: 5
4:c64-0 liszt: 5
4:c65-0 liszt: 5
4:c66-0 liszt: 5
4:c67-0 liszt: 5
4:c68-0 liszt: 5
4:c69-0 liszt: 5
4:c70-0 liszt: 5
4:c71-0 liszt: 5
4:c72-0 liszt: 5
4:c73-0 liszt: 5
4:c74-0 liszt: 5
4:c75-0 liszt: 5
4:c76-0 liszt: 5
4:c77-0 liszt: 5
4:c78-0 liszt: 5
4:c79-0 liszt: 5
4:c80-0 liszt: 5
4:c81-0 liszt: 5
4:c82-0 liszt: 5
4:c83-0 liszt: 5
4:c84-0 liszt: 5
4:c85-0 liszt: 5
4:c86-0 liszt: 5
4:c87-0 liszt: 5
4:c88-0 liszt: 5
4:c89-0 liszt: 5
4:c90-0 liszt: 5
4:c91-0 liszt: 5
4:c92-0 liszt: 5
4:c93-0 liszt: 5
4:c94-0 liszt: 5
4:c95-0 liszt: 5
4:c96-0 liszt: 5
4:c97-0 liszt: 5
4:c98-0 liszt: 5
4:c99-0 liszt: 5
4:c100-0 liszt: 5
4:c101-0 liszt: 5
4:c102-0 liszt: 5
4:c103-0 liszt: 5
4:c104-0 liszt: 5
4:c105-0 liszt: 5
4:c106-0 liszt: 5
4:c107-0 liszt: 5
4:c108-0 liszt: 5
4:c109-0 liszt: 5
4:c110-0 liszt: 5
4:c111-0 liszt: 5
4:c112-0 liszt: 5
4:c113-0 liszt: 5
4:c114-0 liszt: 5
4:c115-0 liszt: 5
4:c116-0 liszt: 5
4:c117-0 liszt: 5
4:c118-0 liszt: 5
4:c119-0 liszt: 5
4:c120-0 liszt: 5
4:c121-0 liszt: 5
4:c122-0 liszt: 5
4:c123-0 liszt: 5
4:c124-0 liszt: 5
4:c125-0 liszt: 5
4:c126-0 liszt: 5
4:c127-0 liszt: 5
4:c128-0 liszt: 5
4:c129-0 liszt: 5
4:c130-0 liszt: 5
4:c131-0 liszt: 5
4:c132-0 liszt: 5
4:c133-0 liszt: 5
4:c134-0 liszt: 5
4:c135-0 liszt: 5
4:c136-0 liszt: 5
4:c137-0 liszt: 5
4:c138-0 liszt: 5
4:c139-0 liszt: 5
4:c140-0 liszt: 5
4:c141-0 liszt: 5
4:c142-0 liszt: 5
4:c143-0 liszt: 5
4:c144-0 liszt: 5
4:c145-0 liszt: 5
4:c146-0 liszt: 5
4:c147-0 liszt: 5
4:c148-0 liszt: 5
4:c149-0 liszt: 5
4:c150-0 liszt: 5
4:c151-0 liszt: 5
4:c152-0 liszt: 5
4:c153-0 liszt: 5
4:c154-0 liszt: 5
4:c155-0 liszt: 5
4:c156-0 liszt: 5
4:c157-0 liszt: 5
4:c158-0 liszt: 5
4:c159-0 liszt: 5
4:c160-0 liszt: 5
4:c161-0 liszt: 5
4:c162-0 liszt: 5
4:c163-0 liszt: 5
4:c164-0 liszt: 5
4:c165-0 liszt: 5
4:c166-0 liszt: 5
4:c167-0 liszt: 5
4:c168-0 liszt: 5
4:c169-0 liszt: 5
4:c170-0 liszt: 5
4:c171-0 liszt: 5
4:c172-0 liszt: 5
4:c173-0 liszt: 5
4:c174-0 liszt: 5
4:c175-0 liszt: 5
4:c176-0 liszt: 5
4:c177-0 liszt: 5
4:c178-0 liszt: 5
4:c179-0 liszt: 5
4:c180-0 liszt: 5
4:c181-0 liszt: 5
4:c182-0 liszt: 5
4:c183-0 liszt: 5
4:c184-0 liszt: 5
4:c185-0 liszt: 5
4:c186-0 liszt: 5
4:c187-0 liszt: 5
4:c188-0 liszt: 5
4:c189-0 liszt: 5
4:c190-0 liszt: 5
4:c191-0 liszt: 5
4:c192-0 liszt: 5
4:c193-0 liszt: 5
4:c194-0 liszt: 5
4:c195-0 liszt: 5
4:c196-0 liszt: 5
4:c197-0 liszt: 5
4:c198-0 liszt: 5
4:c199-0 liszt: 5
4:c200-0 liszt: 5
4:c201-0 liszt: 5
4:c202-0 liszt: 5
4:c203-0 liszt: 5
4:c204-0 liszt: 5
4:c205-0 liszt: 5
4:c206-0 liszt: 5
4:c207-0 liszt: 5
4:c208-0 liszt: 5
4:c209-0 liszt: 5
4:c210-0 liszt: 5
4:c211-0 liszt: 5
4:c212-0 liszt: 5
4:c213-0 liszt: 5
4:c214-0 liszt: 5
4:c215-0 liszt: 5
4:c216-0 liszt: 5
4:c217-0 liszt: 5
4:c218-0 liszt: 5
4:c219-0 liszt: 5
4:c220-0 liszt: 5
4:c221-0 liszt: 5
4:c222-0 liszt: 5
4:c223-0 liszt: 5
4:c224-0 liszt: 5
4:c225-0 liszt: 5
4:c226-0 liszt: 5
4:c227-0 liszt: 5
4:c228-0 liszt: 5
4:c229-0 liszt: 5
4:c230-0 liszt: 5
4:c231-0 liszt: 5
4:c232-0 liszt: 5
4:c233-0 liszt: 5
4:c234-0 liszt: 5
4:c235-0 liszt: 5
4:c236-0 liszt: 5
4:c237-0 liszt: 5
4:c238-0 liszt: 5
4:c239-0 liszt: 5
4:c240-0 liszt: 5
4:c241-0 liszt: 5
4:c242-0 liszt: 5
4:c243-0 liszt: 5
4:c244-0 liszt: 5
4:c245-0 liszt: 5
4:c246-0 liszt: 5
4:c247-0 liszt: 5
4:c248-0 liszt: 5
4:c249-0 liszt: 5
4:c250-0 liszt: 5
