liszt: Cell 1: vVertex 7 0
liszt: Cell 1: vVertex 6 1
liszt: Cell 1: vVertex 5 2
liszt: Cell 1: vVertex 4 3
liszt: Cell 1: vVertex 3 4
liszt: Cell 1: vVertex 2 5
liszt: Cell 1: vVertex 1 6
liszt: Cell 1: vVertex 0 7
liszt: Cell 1: eEdge 10 0
liszt: Cell 1: eEdge 1 1
liszt: Cell 1: eEdge 2 2
liszt: Cell 1: eEdge 6 3
liszt: Cell 1: eEdge 5 4
liszt: Cell 1: eEdge 7 5
liszt: Cell 1: eEdge 9 6
liszt: Cell 1: eEdge 0 7
liszt: Cell 1: eEdge 11 8
liszt: Cell 1: eEdge 3 9
liszt: Cell 1: eEdge 4 10
liszt: Cell 1: eEdge 8 11
liszt: Cell 1: fFace 5 0
liszt: Cell 1: fFace 3 1
liszt: Cell 1: fFace 0 2
liszt: Cell 1: fFace 1 3
liszt: Cell 1: fFace 2 4
liszt: Cell 1: fFace 4 5
