0 liszt: correct
1 liszt: 37
2 liszt: running
3 liszt: running
4 liszt: 1
5 liszt: 11
