5:c1-0 liszt: 2
5:c2-0 liszt: 2
5:c3-0 liszt: 2
5:c4-0 liszt: 2
5:c5-0 liszt: 2
5:c6-0 liszt: 2
5:c7-0 liszt: 2
5:c8-0 liszt: 2
5:c9-0 liszt: 2
5:c10-0 liszt: 2
5:c11-0 liszt: 2
5:c12-0 liszt: 2
5:c13-0 liszt: 2
5:c14-0 liszt: 2
5:c15-0 liszt: 2
5:c16-0 liszt: 2
5:c17-0 liszt: 2
5:c18-0 liszt: 2
5:c19-0 liszt: 2
5:c20-0 liszt: 2
5:c21-0 liszt: 2
5:c22-0 liszt: 2
5:c23-0 liszt: 2
5:c24-0 liszt: 2
5:c25-0 liszt: 2
5:c26-0 liszt: 2
5:c27-0 liszt: 2
5:c28-0 liszt: 2
5:c29-0 liszt: 2
5:c30-0 liszt: 2
5:c31-0 liszt: 2
5:c32-0 liszt: 2
5:c33-0 liszt: 2
5:c34-0 liszt: 2
5:c35-0 liszt: 2
5:c36-0 liszt: 2
5:c37-0 liszt: 2
5:c38-0 liszt: 2
5:c39-0 liszt: 2
5:c40-0 liszt: 2
5:c41-0 liszt: 2
5:c42-0 liszt: 2
5:c43-0 liszt: 2
5:c44-0 liszt: 2
5:c45-0 liszt: 2
5:c46-0 liszt: 2
5:c47-0 liszt: 2
5:c48-0 liszt: 2
5:c49-0 liszt: 2
5:c50-0 liszt: 2
5:c51-0 liszt: 2
5:c52-0 liszt: 2
5:c53-0 liszt: 2
5:c54-0 liszt: 2
5:c55-0 liszt: 2
5:c56-0 liszt: 2
5:c57-0 liszt: 2
5:c58-0 liszt: 2
5:c59-0 liszt: 2
5:c60-0 liszt: 2
5:c61-0 liszt: 2
5:c62-0 liszt: 2
5:c63-0 liszt: 2
5:c64-0 liszt: 2
5:c65-0 liszt: 2
5:c66-0 liszt: 2
5:c67-0 liszt: 2
5:c68-0 liszt: 2
5:c69-0 liszt: 2
5:c70-0 liszt: 2
5:c71-0 liszt: 2
5:c72-0 liszt: 2
5:c73-0 liszt: 2
5:c74-0 liszt: 2
5:c75-0 liszt: 2
5:c76-0 liszt: 2
5:c77-0 liszt: 2
5:c78-0 liszt: 2
5:c79-0 liszt: 2
5:c80-0 liszt: 2
5:c81-0 liszt: 2
5:c82-0 liszt: 2
5:c83-0 liszt: 2
5:c84-0 liszt: 2
5:c85-0 liszt: 2
5:c86-0 liszt: 2
5:c87-0 liszt: 2
5:c88-0 liszt: 2
5:c89-0 liszt: 2
5:c90-0 liszt: 2
5:c91-0 liszt: 2
5:c92-0 liszt: 2
5:c93-0 liszt: 2
5:c94-0 liszt: 2
5:c95-0 liszt: 2
5:c96-0 liszt: 2
5:c97-0 liszt: 2
5:c98-0 liszt: 2
5:c99-0 liszt: 2
5:c100-0 liszt: 2
5:c101-0 liszt: 2
5:c102-0 liszt: 2
5:c103-0 liszt: 2
5:c104-0 liszt: 2
5:c105-0 liszt: 2
5:c106-0 liszt: 2
5:c107-0 liszt: 2
5:c108-0 liszt: 2
5:c109-0 liszt: 2
5:c110-0 liszt: 2
5:c111-0 liszt: 2
5:c112-0 liszt: 2
5:c113-0 liszt: 2
5:c114-0 liszt: 2
5:c115-0 liszt: 2
5:c116-0 liszt: 2
5:c117-0 liszt: 2
5:c118-0 liszt: 2
5:c119-0 liszt: 2
5:c120-0 liszt: 2
5:c121-0 liszt: 2
5:c122-0 liszt: 2
5:c123-0 liszt: 2
5:c124-0 liszt: 2
5:c125-0 liszt: 2
5:c126-0 liszt: 2
5:c127-0 liszt: 2
5:c128-0 liszt: 2
5:c129-0 liszt: 2
5:c130-0 liszt: 2
5:c131-0 liszt: 2
5:c132-0 liszt: 2
5:c133-0 liszt: 2
5:c134-0 liszt: 2
5:c135-0 liszt: 2
5:c136-0 liszt: 2
5:c137-0 liszt: 2
5:c138-0 liszt: 2
5:c139-0 liszt: 2
5:c140-0 liszt: 2
5:c141-0 liszt: 2
5:c142-0 liszt: 2
5:c143-0 liszt: 2
5:c144-0 liszt: 2
5:c145-0 liszt: 2
5:c146-0 liszt: 2
5:c147-0 liszt: 2
5:c148-0 liszt: 2
5:c149-0 liszt: 2
5:c150-0 liszt: 2
5:c151-0 liszt: 2
5:c152-0 liszt: 2
5:c153-0 liszt: 2
5:c154-0 liszt: 2
5:c155-0 liszt: 2
5:c156-0 liszt: 2
5:c157-0 liszt: 2
5:c158-0 liszt: 2
5:c159-0 liszt: 2
5:c160-0 liszt: 2
5:c161-0 liszt: 2
5:c162-0 liszt: 2
5:c163-0 liszt: 2
5:c164-0 liszt: 2
5:c165-0 liszt: 2
5:c166-0 liszt: 2
5:c167-0 liszt: 2
5:c168-0 liszt: 2
5:c169-0 liszt: 2
5:c170-0 liszt: 2
5:c171-0 liszt: 2
5:c172-0 liszt: 2
5:c173-0 liszt: 2
5:c174-0 liszt: 2
5:c175-0 liszt: 2
5:c176-0 liszt: 2
5:c177-0 liszt: 2
5:c178-0 liszt: 2
5:c179-0 liszt: 2
5:c180-0 liszt: 2
5:c181-0 liszt: 2
5:c182-0 liszt: 2
5:c183-0 liszt: 2
5:c184-0 liszt: 2
5:c185-0 liszt: 2
5:c186-0 liszt: 2
5:c187-0 liszt: 2
5:c188-0 liszt: 2
5:c189-0 liszt: 2
5:c190-0 liszt: 2
5:c191-0 liszt: 2
5:c192-0 liszt: 2
5:c193-0 liszt: 2
5:c194-0 liszt: 2
5:c195-0 liszt: 2
5:c196-0 liszt: 2
5:c197-0 liszt: 2
5:c198-0 liszt: 2
5:c199-0 liszt: 2
5:c200-0 liszt: 2
5:c201-0 liszt: 2
5:c202-0 liszt: 2
5:c203-0 liszt: 2
5:c204-0 liszt: 2
5:c205-0 liszt: 2
5:c206-0 liszt: 2
5:c207-0 liszt: 2
5:c208-0 liszt: 2
5:c209-0 liszt: 2
5:c210-0 liszt: 2
5:c211-0 liszt: 2
5:c212-0 liszt: 2
5:c213-0 liszt: 2
5:c214-0 liszt: 2
5:c215-0 liszt: 2
5:c216-0 liszt: 2
5:c217-0 liszt: 2
5:c218-0 liszt: 2
5:c219-0 liszt: 2
5:c220-0 liszt: 2
5:c221-0 liszt: 2
5:c222-0 liszt: 2
5:c223-0 liszt: 2
5:c224-0 liszt: 2
5:c225-0 liszt: 2
5:c226-0 liszt: 2
5:c227-0 liszt: 2
5:c228-0 liszt: 2
5:c229-0 liszt: 2
5:c230-0 liszt: 2
5:c231-0 liszt: 2
5:c232-0 liszt: 2
5:c233-0 liszt: 2
5:c234-0 liszt: 2
5:c235-0 liszt: 2
5:c236-0 liszt: 2
5:c237-0 liszt: 2
5:c238-0 liszt: 2
5:c239-0 liszt: 2
5:c240-0 liszt: 2
5:c241-0 liszt: 2
5:c242-0 liszt: 2
5:c243-0 liszt: 2
5:c244-0 liszt: 2
5:c245-0 liszt: 2
5:c246-0 liszt: 2
5:c247-0 liszt: 2
5:c248-0 liszt: 2
5:c249-0 liszt: 2
5:c250-0 liszt: 2
