0 liszt: [1,2|3,4][3,6|9,12][3,1|1,0][3,6|9,12][0,0|1,1][2,4|6,8][0,0|0,0][-1,-2|-3,-4]4(1,2)(5,11)[1][1,2|3,4][1,2,3|4,5,6|7,8,9][1,2,3,4|1,2,3,4|1,2,3,4|1,2,3,4][1,2,3,4|1,2,3,4|1,2,3,4|1,2,3,4|1,2,3,4][1,2,3|4,5,6](7,8,9)(50,122)(294,638)
1 liszt: [a,b|c,d][1,0,0|0,1,0]
2 liszt: 1001
3 liszt: 0101
4 liszt: 11
5 liszt: (1,2)
6 liszt: (3,4)
7 liszt: (1,3)
8 liszt: (2,4)
