0 liszt: Initializing A
1 liszt: Initializing B
2 liszt: Initializing ModuleInitOrder
3 liszt: 0
