0 liszt: Initializing Unused
1 liszt: Initializing A
2 liszt: Initializing ModuleInitDeadCode
3 liszt: 0
