1:v0-0 liszt: (0,0.5,0.5) (0,0.5,0.5)
1:v1-0 liszt: (0,0.5,0) (0,0.5,0)
1:v2-0 liszt: (0,0.5,0.4) (0,0.5,0.4)
1:v3-0 liszt: (0,0.5,0.3) (0,0.5,0.3)
1:v4-0 liszt: (0,0.5,0.2) (0,0.5,0.2)
1:v5-0 liszt: (0,0.5,0.1) (0,0.5,0.1)
1:v6-0 liszt: (0,0,0) (0,0,0)
1:v7-0 liszt: (0,0.4,0) (0,0.4,0)
1:v8-0 liszt: (0,0.3,0) (0,0.3,0)
1:v9-0 liszt: (0,0.2,0) (0,0.2,0)
1:v10-0 liszt: (0,0.1,0) (0,0.1,0)
1:v11-0 liszt: (0,0,0.5) (0,0,0.5)
1:v12-0 liszt: (0,0,0.1) (0,0,0.1)
1:v13-0 liszt: (0,0,0.2) (0,0,0.2)
1:v14-0 liszt: (0,0,0.3) (0,0,0.3)
1:v15-0 liszt: (0,0,0.4) (0,0,0.4)
1:v16-0 liszt: (0,0.4,0.5) (0,0.4,0.5)
1:v17-0 liszt: (0,0.3,0.5) (0,0.3,0.5)
1:v18-0 liszt: (0,0.2,0.5) (0,0.2,0.5)
1:v19-0 liszt: (0,0.1,0.5) (0,0.1,0.5)
1:v20-0 liszt: (1,0.5,0) (1,0.5,0)
1:v21-0 liszt: (1,0.5,0.5) (1,0.5,0.5)
1:v22-0 liszt: (1,0.5,0.1) (1,0.5,0.1)
1:v23-0 liszt: (1,0.5,0.2) (1,0.5,0.2)
1:v24-0 liszt: (1,0.5,0.3) (1,0.5,0.3)
1:v25-0 liszt: (1,0.5,0.4) (1,0.5,0.4)
1:v26-0 liszt: (1,0,0) (1,0,0)
1:v27-0 liszt: (1,0.4,0) (1,0.4,0)
1:v28-0 liszt: (1,0.3,0) (1,0.3,0)
1:v29-0 liszt: (1,0.2,0) (1,0.2,0)
1:v30-0 liszt: (1,0.1,0) (1,0.1,0)
1:v31-0 liszt: (1,0,0.5) (1,0,0.5)
1:v32-0 liszt: (1,0,0.1) (1,0,0.1)
1:v33-0 liszt: (1,0,0.2) (1,0,0.2)
1:v34-0 liszt: (1,0,0.3) (1,0,0.3)
1:v35-0 liszt: (1,0,0.4) (1,0,0.4)
1:v36-0 liszt: (1,0.4,0.5) (1,0.4,0.5)
1:v37-0 liszt: (1,0.3,0.5) (1,0.3,0.5)
1:v38-0 liszt: (1,0.2,0.5) (1,0.2,0.5)
1:v39-0 liszt: (1,0.1,0.5) (1,0.1,0.5)
1:v40-0 liszt: (0.1,0.5,0) (0.1,0.5,0)
1:v41-0 liszt: (0.2,0.5,0) (0.2,0.5,0)
1:v42-0 liszt: (0.3,0.5,0) (0.3,0.5,0)
1:v43-0 liszt: (0.4,0.5,0) (0.4,0.5,0)
1:v44-0 liszt: (0.5,0.5,0) (0.5,0.5,0)
1:v45-0 liszt: (0.6,0.5,0) (0.6,0.5,0)
1:v46-0 liszt: (0.7,0.5,0) (0.7,0.5,0)
1:v47-0 liszt: (0.8,0.5,0) (0.8,0.5,0)
1:v48-0 liszt: (0.9,0.5,0) (0.9,0.5,0)
1:v49-0 liszt: (0.1,0,0) (0.1,0,0)
1:v50-0 liszt: (0.2,0,0) (0.2,0,0)
1:v51-0 liszt: (0.3,0,0) (0.3,0,0)
1:v52-0 liszt: (0.4,0,0) (0.4,0,0)
1:v53-0 liszt: (0.5,0,0) (0.5,0,0)
1:v54-0 liszt: (0.6,0,0) (0.6,0,0)
1:v55-0 liszt: (0.7,0,0) (0.7,0,0)
1:v56-0 liszt: (0.8,0,0) (0.8,0,0)
1:v57-0 liszt: (0.9,0,0) (0.9,0,0)
1:v58-0 liszt: (0.9,0.5,0.5) (0.9,0.5,0.5)
1:v59-0 liszt: (0.8,0.5,0.5) (0.8,0.5,0.5)
1:v60-0 liszt: (0.7,0.5,0.5) (0.7,0.5,0.5)
1:v61-0 liszt: (0.6,0.5,0.5) (0.6,0.5,0.5)
1:v62-0 liszt: (0.5,0.5,0.5) (0.5,0.5,0.5)
1:v63-0 liszt: (0.4,0.5,0.5) (0.4,0.5,0.5)
1:v64-0 liszt: (0.3,0.5,0.5) (0.3,0.5,0.5)
1:v65-0 liszt: (0.2,0.5,0.5) (0.2,0.5,0.5)
1:v66-0 liszt: (0.1,0.5,0.5) (0.1,0.5,0.5)
1:v67-0 liszt: (0.1,0,0.5) (0.1,0,0.5)
1:v68-0 liszt: (0.2,0,0.5) (0.2,0,0.5)
1:v69-0 liszt: (0.3,0,0.5) (0.3,0,0.5)
1:v70-0 liszt: (0.4,0,0.5) (0.4,0,0.5)
1:v71-0 liszt: (0.5,0,0.5) (0.5,0,0.5)
1:v72-0 liszt: (0.6,0,0.5) (0.6,0,0.5)
1:v73-0 liszt: (0.7,0,0.5) (0.7,0,0.5)
1:v74-0 liszt: (0.8,0,0.5) (0.8,0,0.5)
1:v75-0 liszt: (0.9,0,0.5) (0.9,0,0.5)
1:v76-0 liszt: (1,0.1,0.1) (1,0.1,0.1)
1:v77-0 liszt: (1,0.1,0.2) (1,0.1,0.2)
1:v78-0 liszt: (1,0.1,0.3) (1,0.1,0.3)
1:v79-0 liszt: (1,0.1,0.4) (1,0.1,0.4)
1:v80-0 liszt: (1,0.2,0.1) (1,0.2,0.1)
1:v81-0 liszt: (1,0.2,0.2) (1,0.2,0.2)
1:v82-0 liszt: (1,0.2,0.3) (1,0.2,0.3)
1:v83-0 liszt: (1,0.2,0.4) (1,0.2,0.4)
1:v84-0 liszt: (1,0.3,0.1) (1,0.3,0.1)
1:v85-0 liszt: (1,0.3,0.2) (1,0.3,0.2)
1:v86-0 liszt: (1,0.3,0.3) (1,0.3,0.3)
1:v87-0 liszt: (1,0.3,0.4) (1,0.3,0.4)
1:v88-0 liszt: (1,0.4,0.1) (1,0.4,0.1)
1:v89-0 liszt: (1,0.4,0.2) (1,0.4,0.2)
1:v90-0 liszt: (1,0.4,0.3) (1,0.4,0.3)
1:v91-0 liszt: (1,0.4,0.4) (1,0.4,0.4)
1:v92-0 liszt: (0.9,0.1,0.5) (0.9,0.1,0.5)
1:v93-0 liszt: (0.8,0.1,0.5) (0.8,0.1,0.5)
1:v94-0 liszt: (0.7,0.1,0.5) (0.7,0.1,0.5)
1:v95-0 liszt: (0.6,0.1,0.5) (0.6,0.1,0.5)
1:v96-0 liszt: (0.5,0.1,0.5) (0.5,0.1,0.5)
1:v97-0 liszt: (0.4,0.1,0.5) (0.4,0.1,0.5)
1:v98-0 liszt: (0.3,0.1,0.5) (0.3,0.1,0.5)
1:v99-0 liszt: (0.2,0.1,0.5) (0.2,0.1,0.5)
1:v100-0 liszt: (0.1,0.1,0.5) (0.1,0.1,0.5)
1:v101-0 liszt: (0.9,0.2,0.5) (0.9,0.2,0.5)
1:v102-0 liszt: (0.8,0.2,0.5) (0.8,0.2,0.5)
1:v103-0 liszt: (0.7,0.2,0.5) (0.7,0.2,0.5)
1:v104-0 liszt: (0.6,0.2,0.5) (0.6,0.2,0.5)
1:v105-0 liszt: (0.5,0.2,0.5) (0.5,0.2,0.5)
1:v106-0 liszt: (0.4,0.2,0.5) (0.4,0.2,0.5)
1:v107-0 liszt: (0.3,0.2,0.5) (0.3,0.2,0.5)
1:v108-0 liszt: (0.2,0.2,0.5) (0.2,0.2,0.5)
1:v109-0 liszt: (0.1,0.2,0.5) (0.1,0.2,0.5)
1:v110-0 liszt: (0.9,0.3,0.5) (0.9,0.3,0.5)
1:v111-0 liszt: (0.8,0.3,0.5) (0.8,0.3,0.5)
1:v112-0 liszt: (0.7,0.3,0.5) (0.7,0.3,0.5)
1:v113-0 liszt: (0.6,0.3,0.5) (0.6,0.3,0.5)
1:v114-0 liszt: (0.5,0.3,0.5) (0.5,0.3,0.5)
1:v115-0 liszt: (0.4,0.3,0.5) (0.4,0.3,0.5)
1:v116-0 liszt: (0.3,0.3,0.5) (0.3,0.3,0.5)
1:v117-0 liszt: (0.2,0.3,0.5) (0.2,0.3,0.5)
1:v118-0 liszt: (0.1,0.3,0.5) (0.1,0.3,0.5)
1:v119-0 liszt: (0.9,0.4,0.5) (0.9,0.4,0.5)
1:v120-0 liszt: (0.8,0.4,0.5) (0.8,0.4,0.5)
1:v121-0 liszt: (0.7,0.4,0.5) (0.7,0.4,0.5)
1:v122-0 liszt: (0.6,0.4,0.5) (0.6,0.4,0.5)
1:v123-0 liszt: (0.5,0.4,0.5) (0.5,0.4,0.5)
1:v124-0 liszt: (0.4,0.4,0.5) (0.4,0.4,0.5)
1:v125-0 liszt: (0.3,0.4,0.5) (0.3,0.4,0.5)
1:v126-0 liszt: (0.2,0.4,0.5) (0.2,0.4,0.5)
1:v127-0 liszt: (0.1,0.4,0.5) (0.1,0.4,0.5)
1:v128-0 liszt: (0.9,0,0.4) (0.9,0,0.4)
1:v129-0 liszt: (0.9,0,0.3) (0.9,0,0.3)
1:v130-0 liszt: (0.9,0,0.2) (0.9,0,0.2)
1:v131-0 liszt: (0.9,0,0.1) (0.9,0,0.1)
1:v132-0 liszt: (0.8,0,0.4) (0.8,0,0.4)
1:v133-0 liszt: (0.8,0,0.3) (0.8,0,0.3)
1:v134-0 liszt: (0.8,0,0.2) (0.8,0,0.2)
1:v135-0 liszt: (0.8,0,0.1) (0.8,0,0.1)
1:v136-0 liszt: (0.7,0,0.4) (0.7,0,0.4)
1:v137-0 liszt: (0.7,0,0.3) (0.7,0,0.3)
1:v138-0 liszt: (0.7,0,0.2) (0.7,0,0.2)
1:v139-0 liszt: (0.7,0,0.1) (0.7,0,0.1)
1:v140-0 liszt: (0.6,0,0.4) (0.6,0,0.4)
1:v141-0 liszt: (0.6,0,0.3) (0.6,0,0.3)
1:v142-0 liszt: (0.6,0,0.2) (0.6,0,0.2)
1:v143-0 liszt: (0.6,0,0.1) (0.6,0,0.1)
1:v144-0 liszt: (0.5,0,0.4) (0.5,0,0.4)
1:v145-0 liszt: (0.5,0,0.3) (0.5,0,0.3)
1:v146-0 liszt: (0.5,0,0.2) (0.5,0,0.2)
1:v147-0 liszt: (0.5,0,0.1) (0.5,0,0.1)
1:v148-0 liszt: (0.4,0,0.4) (0.4,0,0.4)
1:v149-0 liszt: (0.4,0,0.3) (0.4,0,0.3)
1:v150-0 liszt: (0.4,0,0.2) (0.4,0,0.2)
1:v151-0 liszt: (0.4,0,0.1) (0.4,0,0.1)
1:v152-0 liszt: (0.3,0,0.4) (0.3,0,0.4)
1:v153-0 liszt: (0.3,0,0.3) (0.3,0,0.3)
1:v154-0 liszt: (0.3,0,0.2) (0.3,0,0.2)
1:v155-0 liszt: (0.3,0,0.1) (0.3,0,0.1)
1:v156-0 liszt: (0.2,0,0.4) (0.2,0,0.4)
1:v157-0 liszt: (0.2,0,0.3) (0.2,0,0.3)
1:v158-0 liszt: (0.2,0,0.2) (0.2,0,0.2)
1:v159-0 liszt: (0.2,0,0.1) (0.2,0,0.1)
1:v160-0 liszt: (0.1,0,0.4) (0.1,0,0.4)
1:v161-0 liszt: (0.1,0,0.3) (0.1,0,0.3)
1:v162-0 liszt: (0.1,0,0.2) (0.1,0,0.2)
1:v163-0 liszt: (0.1,0,0.1) (0.1,0,0.1)
1:v164-0 liszt: (0.9,0.1,0) (0.9,0.1,0)
1:v165-0 liszt: (0.9,0.2,0) (0.9,0.2,0)
1:v166-0 liszt: (0.9,0.3,0) (0.9,0.3,0)
1:v167-0 liszt: (0.9,0.4,0) (0.9,0.4,0)
1:v168-0 liszt: (0.8,0.1,0) (0.8,0.1,0)
1:v169-0 liszt: (0.8,0.2,0) (0.8,0.2,0)
1:v170-0 liszt: (0.8,0.3,0) (0.8,0.3,0)
1:v171-0 liszt: (0.8,0.4,0) (0.8,0.4,0)
1:v172-0 liszt: (0.7,0.1,0) (0.7,0.1,0)
1:v173-0 liszt: (0.7,0.2,0) (0.7,0.2,0)
1:v174-0 liszt: (0.7,0.3,0) (0.7,0.3,0)
1:v175-0 liszt: (0.7,0.4,0) (0.7,0.4,0)
1:v176-0 liszt: (0.6,0.1,0) (0.6,0.1,0)
1:v177-0 liszt: (0.6,0.2,0) (0.6,0.2,0)
1:v178-0 liszt: (0.6,0.3,0) (0.6,0.3,0)
1:v179-0 liszt: (0.6,0.4,0) (0.6,0.4,0)
1:v180-0 liszt: (0.5,0.1,0) (0.5,0.1,0)
1:v181-0 liszt: (0.5,0.2,0) (0.5,0.2,0)
1:v182-0 liszt: (0.5,0.3,0) (0.5,0.3,0)
1:v183-0 liszt: (0.5,0.4,0) (0.5,0.4,0)
1:v184-0 liszt: (0.4,0.1,0) (0.4,0.1,0)
1:v185-0 liszt: (0.4,0.2,0) (0.4,0.2,0)
1:v186-0 liszt: (0.4,0.3,0) (0.4,0.3,0)
1:v187-0 liszt: (0.4,0.4,0) (0.4,0.4,0)
1:v188-0 liszt: (0.3,0.1,0) (0.3,0.1,0)
1:v189-0 liszt: (0.3,0.2,0) (0.3,0.2,0)
1:v190-0 liszt: (0.3,0.3,0) (0.3,0.3,0)
1:v191-0 liszt: (0.3,0.4,0) (0.3,0.4,0)
1:v192-0 liszt: (0.2,0.1,0) (0.2,0.1,0)
1:v193-0 liszt: (0.2,0.2,0) (0.2,0.2,0)
1:v194-0 liszt: (0.2,0.3,0) (0.2,0.3,0)
1:v195-0 liszt: (0.2,0.4,0) (0.2,0.4,0)
1:v196-0 liszt: (0.1,0.1,0) (0.1,0.1,0)
1:v197-0 liszt: (0.1,0.2,0) (0.1,0.2,0)
1:v198-0 liszt: (0.1,0.3,0) (0.1,0.3,0)
1:v199-0 liszt: (0.1,0.4,0) (0.1,0.4,0)
1:v200-0 liszt: (0.9,0.5,0.1) (0.9,0.5,0.1)
1:v201-0 liszt: (0.9,0.5,0.2) (0.9,0.5,0.2)
1:v202-0 liszt: (0.9,0.5,0.3) (0.9,0.5,0.3)
1:v203-0 liszt: (0.9,0.5,0.4) (0.9,0.5,0.4)
1:v204-0 liszt: (0.8,0.5,0.1) (0.8,0.5,0.1)
1:v205-0 liszt: (0.8,0.5,0.2) (0.8,0.5,0.2)
1:v206-0 liszt: (0.8,0.5,0.3) (0.8,0.5,0.3)
1:v207-0 liszt: (0.8,0.5,0.4) (0.8,0.5,0.4)
1:v208-0 liszt: (0.7,0.5,0.1) (0.7,0.5,0.1)
1:v209-0 liszt: (0.7,0.5,0.2) (0.7,0.5,0.2)
1:v210-0 liszt: (0.7,0.5,0.3) (0.7,0.5,0.3)
1:v211-0 liszt: (0.7,0.5,0.4) (0.7,0.5,0.4)
1:v212-0 liszt: (0.6,0.5,0.1) (0.6,0.5,0.1)
1:v213-0 liszt: (0.6,0.5,0.2) (0.6,0.5,0.2)
1:v214-0 liszt: (0.6,0.5,0.3) (0.6,0.5,0.3)
1:v215-0 liszt: (0.6,0.5,0.4) (0.6,0.5,0.4)
1:v216-0 liszt: (0.5,0.5,0.1) (0.5,0.5,0.1)
1:v217-0 liszt: (0.5,0.5,0.2) (0.5,0.5,0.2)
1:v218-0 liszt: (0.5,0.5,0.3) (0.5,0.5,0.3)
1:v219-0 liszt: (0.5,0.5,0.4) (0.5,0.5,0.4)
1:v220-0 liszt: (0.4,0.5,0.1) (0.4,0.5,0.1)
1:v221-0 liszt: (0.4,0.5,0.2) (0.4,0.5,0.2)
1:v222-0 liszt: (0.4,0.5,0.3) (0.4,0.5,0.3)
1:v223-0 liszt: (0.4,0.5,0.4) (0.4,0.5,0.4)
1:v224-0 liszt: (0.3,0.5,0.1) (0.3,0.5,0.1)
1:v225-0 liszt: (0.3,0.5,0.2) (0.3,0.5,0.2)
1:v226-0 liszt: (0.3,0.5,0.3) (0.3,0.5,0.3)
1:v227-0 liszt: (0.3,0.5,0.4) (0.3,0.5,0.4)
1:v228-0 liszt: (0.2,0.5,0.1) (0.2,0.5,0.1)
1:v229-0 liszt: (0.2,0.5,0.2) (0.2,0.5,0.2)
1:v230-0 liszt: (0.2,0.5,0.3) (0.2,0.5,0.3)
1:v231-0 liszt: (0.2,0.5,0.4) (0.2,0.5,0.4)
1:v232-0 liszt: (0.1,0.5,0.1) (0.1,0.5,0.1)
1:v233-0 liszt: (0.1,0.5,0.2) (0.1,0.5,0.2)
1:v234-0 liszt: (0.1,0.5,0.3) (0.1,0.5,0.3)
1:v235-0 liszt: (0.1,0.5,0.4) (0.1,0.5,0.4)
1:v236-0 liszt: (0,0.1,0.4) (0,0.1,0.4)
1:v237-0 liszt: (0,0.1,0.3) (0,0.1,0.3)
1:v238-0 liszt: (0,0.1,0.2) (0,0.1,0.2)
1:v239-0 liszt: (0,0.1,0.1) (0,0.1,0.1)
1:v240-0 liszt: (0,0.2,0.4) (0,0.2,0.4)
1:v241-0 liszt: (0,0.2,0.3) (0,0.2,0.3)
1:v242-0 liszt: (0,0.2,0.2) (0,0.2,0.2)
1:v243-0 liszt: (0,0.2,0.1) (0,0.2,0.1)
1:v244-0 liszt: (0,0.3,0.4) (0,0.3,0.4)
1:v245-0 liszt: (0,0.3,0.3) (0,0.3,0.3)
1:v246-0 liszt: (0,0.3,0.2) (0,0.3,0.2)
1:v247-0 liszt: (0,0.3,0.1) (0,0.3,0.1)
1:v248-0 liszt: (0,0.4,0.4) (0,0.4,0.4)
1:v249-0 liszt: (0,0.4,0.3) (0,0.4,0.3)
1:v250-0 liszt: (0,0.4,0.2) (0,0.4,0.2)
1:v251-0 liszt: (0,0.4,0.1) (0,0.4,0.1)
1:v252-0 liszt: (0.9,0.4,0.1) (0.9,0.4,0.1)
1:v253-0 liszt: (0.9,0.4,0.2) (0.9,0.4,0.2)
1:v254-0 liszt: (0.9,0.4,0.3) (0.9,0.4,0.3)
1:v255-0 liszt: (0.9,0.4,0.4) (0.9,0.4,0.4)
1:v256-0 liszt: (0.8,0.4,0.1) (0.8,0.4,0.1)
1:v257-0 liszt: (0.8,0.4,0.2) (0.8,0.4,0.2)
1:v258-0 liszt: (0.8,0.4,0.3) (0.8,0.4,0.3)
1:v259-0 liszt: (0.8,0.4,0.4) (0.8,0.4,0.4)
1:v260-0 liszt: (0.7,0.4,0.1) (0.7,0.4,0.1)
1:v261-0 liszt: (0.7,0.4,0.2) (0.7,0.4,0.2)
1:v262-0 liszt: (0.7,0.4,0.3) (0.7,0.4,0.3)
1:v263-0 liszt: (0.7,0.4,0.4) (0.7,0.4,0.4)
1:v264-0 liszt: (0.6,0.4,0.1) (0.6,0.4,0.1)
1:v265-0 liszt: (0.6,0.4,0.2) (0.6,0.4,0.2)
1:v266-0 liszt: (0.6,0.4,0.3) (0.6,0.4,0.3)
1:v267-0 liszt: (0.6,0.4,0.4) (0.6,0.4,0.4)
1:v268-0 liszt: (0.5,0.4,0.1) (0.5,0.4,0.1)
1:v269-0 liszt: (0.5,0.4,0.2) (0.5,0.4,0.2)
1:v270-0 liszt: (0.5,0.4,0.3) (0.5,0.4,0.3)
1:v271-0 liszt: (0.5,0.4,0.4) (0.5,0.4,0.4)
1:v272-0 liszt: (0.4,0.4,0.1) (0.4,0.4,0.1)
1:v273-0 liszt: (0.4,0.4,0.2) (0.4,0.4,0.2)
1:v274-0 liszt: (0.4,0.4,0.3) (0.4,0.4,0.3)
1:v275-0 liszt: (0.4,0.4,0.4) (0.4,0.4,0.4)
1:v276-0 liszt: (0.3,0.4,0.1) (0.3,0.4,0.1)
1:v277-0 liszt: (0.3,0.4,0.2) (0.3,0.4,0.2)
1:v278-0 liszt: (0.3,0.4,0.3) (0.3,0.4,0.3)
1:v279-0 liszt: (0.3,0.4,0.4) (0.3,0.4,0.4)
1:v280-0 liszt: (0.2,0.4,0.1) (0.2,0.4,0.1)
1:v281-0 liszt: (0.2,0.4,0.2) (0.2,0.4,0.2)
1:v282-0 liszt: (0.2,0.4,0.3) (0.2,0.4,0.3)
1:v283-0 liszt: (0.2,0.4,0.4) (0.2,0.4,0.4)
1:v284-0 liszt: (0.1,0.4,0.1) (0.1,0.4,0.1)
1:v285-0 liszt: (0.1,0.4,0.2) (0.1,0.4,0.2)
1:v286-0 liszt: (0.1,0.4,0.3) (0.1,0.4,0.3)
1:v287-0 liszt: (0.1,0.4,0.4) (0.1,0.4,0.4)
1:v288-0 liszt: (0.9,0.3,0.1) (0.9,0.3,0.1)
1:v289-0 liszt: (0.9,0.3,0.2) (0.9,0.3,0.2)
1:v290-0 liszt: (0.9,0.3,0.3) (0.9,0.3,0.3)
1:v291-0 liszt: (0.9,0.3,0.4) (0.9,0.3,0.4)
1:v292-0 liszt: (0.8,0.3,0.1) (0.8,0.3,0.1)
1:v293-0 liszt: (0.8,0.3,0.2) (0.8,0.3,0.2)
1:v294-0 liszt: (0.8,0.3,0.3) (0.8,0.3,0.3)
1:v295-0 liszt: (0.8,0.3,0.4) (0.8,0.3,0.4)
1:v296-0 liszt: (0.7,0.3,0.1) (0.7,0.3,0.1)
1:v297-0 liszt: (0.7,0.3,0.2) (0.7,0.3,0.2)
1:v298-0 liszt: (0.7,0.3,0.3) (0.7,0.3,0.3)
1:v299-0 liszt: (0.7,0.3,0.4) (0.7,0.3,0.4)
1:v300-0 liszt: (0.6,0.3,0.1) (0.6,0.3,0.1)
1:v301-0 liszt: (0.6,0.3,0.2) (0.6,0.3,0.2)
1:v302-0 liszt: (0.6,0.3,0.3) (0.6,0.3,0.3)
1:v303-0 liszt: (0.6,0.3,0.4) (0.6,0.3,0.4)
1:v304-0 liszt: (0.5,0.3,0.1) (0.5,0.3,0.1)
1:v305-0 liszt: (0.5,0.3,0.2) (0.5,0.3,0.2)
1:v306-0 liszt: (0.5,0.3,0.3) (0.5,0.3,0.3)
1:v307-0 liszt: (0.5,0.3,0.4) (0.5,0.3,0.4)
1:v308-0 liszt: (0.4,0.3,0.1) (0.4,0.3,0.1)
1:v309-0 liszt: (0.4,0.3,0.2) (0.4,0.3,0.2)
1:v310-0 liszt: (0.4,0.3,0.3) (0.4,0.3,0.3)
1:v311-0 liszt: (0.4,0.3,0.4) (0.4,0.3,0.4)
1:v312-0 liszt: (0.3,0.3,0.1) (0.3,0.3,0.1)
1:v313-0 liszt: (0.3,0.3,0.2) (0.3,0.3,0.2)
1:v314-0 liszt: (0.3,0.3,0.3) (0.3,0.3,0.3)
1:v315-0 liszt: (0.3,0.3,0.4) (0.3,0.3,0.4)
1:v316-0 liszt: (0.2,0.3,0.1) (0.2,0.3,0.1)
1:v317-0 liszt: (0.2,0.3,0.2) (0.2,0.3,0.2)
1:v318-0 liszt: (0.2,0.3,0.3) (0.2,0.3,0.3)
1:v319-0 liszt: (0.2,0.3,0.4) (0.2,0.3,0.4)
1:v320-0 liszt: (0.1,0.3,0.1) (0.1,0.3,0.1)
1:v321-0 liszt: (0.1,0.3,0.2) (0.1,0.3,0.2)
1:v322-0 liszt: (0.1,0.3,0.3) (0.1,0.3,0.3)
1:v323-0 liszt: (0.1,0.3,0.4) (0.1,0.3,0.4)
1:v324-0 liszt: (0.9,0.2,0.1) (0.9,0.2,0.1)
1:v325-0 liszt: (0.9,0.2,0.2) (0.9,0.2,0.2)
1:v326-0 liszt: (0.9,0.2,0.3) (0.9,0.2,0.3)
1:v327-0 liszt: (0.9,0.2,0.4) (0.9,0.2,0.4)
1:v328-0 liszt: (0.8,0.2,0.1) (0.8,0.2,0.1)
1:v329-0 liszt: (0.8,0.2,0.2) (0.8,0.2,0.2)
1:v330-0 liszt: (0.8,0.2,0.3) (0.8,0.2,0.3)
1:v331-0 liszt: (0.8,0.2,0.4) (0.8,0.2,0.4)
1:v332-0 liszt: (0.7,0.2,0.1) (0.7,0.2,0.1)
1:v333-0 liszt: (0.7,0.2,0.2) (0.7,0.2,0.2)
1:v334-0 liszt: (0.7,0.2,0.3) (0.7,0.2,0.3)
1:v335-0 liszt: (0.7,0.2,0.4) (0.7,0.2,0.4)
1:v336-0 liszt: (0.6,0.2,0.1) (0.6,0.2,0.1)
1:v337-0 liszt: (0.6,0.2,0.2) (0.6,0.2,0.2)
1:v338-0 liszt: (0.6,0.2,0.3) (0.6,0.2,0.3)
1:v339-0 liszt: (0.6,0.2,0.4) (0.6,0.2,0.4)
1:v340-0 liszt: (0.5,0.2,0.1) (0.5,0.2,0.1)
1:v341-0 liszt: (0.5,0.2,0.2) (0.5,0.2,0.2)
1:v342-0 liszt: (0.5,0.2,0.3) (0.5,0.2,0.3)
1:v343-0 liszt: (0.5,0.2,0.4) (0.5,0.2,0.4)
1:v344-0 liszt: (0.4,0.2,0.1) (0.4,0.2,0.1)
1:v345-0 liszt: (0.4,0.2,0.2) (0.4,0.2,0.2)
1:v346-0 liszt: (0.4,0.2,0.3) (0.4,0.2,0.3)
1:v347-0 liszt: (0.4,0.2,0.4) (0.4,0.2,0.4)
1:v348-0 liszt: (0.3,0.2,0.1) (0.3,0.2,0.1)
1:v349-0 liszt: (0.3,0.2,0.2) (0.3,0.2,0.2)
1:v350-0 liszt: (0.3,0.2,0.3) (0.3,0.2,0.3)
1:v351-0 liszt: (0.3,0.2,0.4) (0.3,0.2,0.4)
1:v352-0 liszt: (0.2,0.2,0.1) (0.2,0.2,0.1)
1:v353-0 liszt: (0.2,0.2,0.2) (0.2,0.2,0.2)
1:v354-0 liszt: (0.2,0.2,0.3) (0.2,0.2,0.3)
1:v355-0 liszt: (0.2,0.2,0.4) (0.2,0.2,0.4)
1:v356-0 liszt: (0.1,0.2,0.1) (0.1,0.2,0.1)
1:v357-0 liszt: (0.1,0.2,0.2) (0.1,0.2,0.2)
1:v358-0 liszt: (0.1,0.2,0.3) (0.1,0.2,0.3)
1:v359-0 liszt: (0.1,0.2,0.4) (0.1,0.2,0.4)
1:v360-0 liszt: (0.9,0.1,0.1) (0.9,0.1,0.1)
1:v361-0 liszt: (0.9,0.1,0.2) (0.9,0.1,0.2)
1:v362-0 liszt: (0.9,0.1,0.3) (0.9,0.1,0.3)
1:v363-0 liszt: (0.9,0.1,0.4) (0.9,0.1,0.4)
1:v364-0 liszt: (0.8,0.1,0.1) (0.8,0.1,0.1)
1:v365-0 liszt: (0.8,0.1,0.2) (0.8,0.1,0.2)
1:v366-0 liszt: (0.8,0.1,0.3) (0.8,0.1,0.3)
1:v367-0 liszt: (0.8,0.1,0.4) (0.8,0.1,0.4)
1:v368-0 liszt: (0.7,0.1,0.1) (0.7,0.1,0.1)
1:v369-0 liszt: (0.7,0.1,0.2) (0.7,0.1,0.2)
1:v370-0 liszt: (0.7,0.1,0.3) (0.7,0.1,0.3)
1:v371-0 liszt: (0.7,0.1,0.4) (0.7,0.1,0.4)
1:v372-0 liszt: (0.6,0.1,0.1) (0.6,0.1,0.1)
1:v373-0 liszt: (0.6,0.1,0.2) (0.6,0.1,0.2)
1:v374-0 liszt: (0.6,0.1,0.3) (0.6,0.1,0.3)
1:v375-0 liszt: (0.6,0.1,0.4) (0.6,0.1,0.4)
1:v376-0 liszt: (0.5,0.1,0.1) (0.5,0.1,0.1)
1:v377-0 liszt: (0.5,0.1,0.2) (0.5,0.1,0.2)
1:v378-0 liszt: (0.5,0.1,0.3) (0.5,0.1,0.3)
1:v379-0 liszt: (0.5,0.1,0.4) (0.5,0.1,0.4)
1:v380-0 liszt: (0.4,0.1,0.1) (0.4,0.1,0.1)
1:v381-0 liszt: (0.4,0.1,0.2) (0.4,0.1,0.2)
1:v382-0 liszt: (0.4,0.1,0.3) (0.4,0.1,0.3)
1:v383-0 liszt: (0.4,0.1,0.4) (0.4,0.1,0.4)
1:v384-0 liszt: (0.3,0.1,0.1) (0.3,0.1,0.1)
1:v385-0 liszt: (0.3,0.1,0.2) (0.3,0.1,0.2)
1:v386-0 liszt: (0.3,0.1,0.3) (0.3,0.1,0.3)
1:v387-0 liszt: (0.3,0.1,0.4) (0.3,0.1,0.4)
1:v388-0 liszt: (0.2,0.1,0.1) (0.2,0.1,0.1)
1:v389-0 liszt: (0.2,0.1,0.2) (0.2,0.1,0.2)
1:v390-0 liszt: (0.2,0.1,0.3) (0.2,0.1,0.3)
1:v391-0 liszt: (0.2,0.1,0.4) (0.2,0.1,0.4)
1:v392-0 liszt: (0.1,0.1,0.1) (0.1,0.1,0.1)
1:v393-0 liszt: (0.1,0.1,0.2) (0.1,0.1,0.2)
1:v394-0 liszt: (0.1,0.1,0.3) (0.1,0.1,0.3)
1:v395-0 liszt: (0.1,0.1,0.4) (0.1,0.1,0.4)
