liszt: Cell 1: vVertex 0 0
liszt: Cell 1: vVertex 1 1
liszt: Cell 1: vVertex 2 2
liszt: Cell 1: vVertex 3 3
liszt: Cell 1: vVertex 4 4
liszt: Cell 1: eEdge 3 0
liszt: Cell 1: eEdge 0 1
liszt: Cell 1: eEdge 5 2
liszt: Cell 1: eEdge 2 3
liszt: Cell 1: eEdge 4 4
liszt: Cell 1: eEdge 1 5
liszt: Cell 1: eEdge 6 6
liszt: Cell 1: eEdge 7 7
liszt: Cell 1: fFace 0 0
liszt: Cell 1: fFace 4 1
liszt: Cell 1: fFace 1 2
liszt: Cell 1: fFace 2 3
liszt: Cell 1: fFace 3 4
