0:v0-0 liszt: (0,0.5,0.5)
0:v1-0 liszt: (0,0.5,0)
0:v2-0 liszt: (0,0.5,0.4)
0:v3-0 liszt: (0,0.5,0.3)
0:v4-0 liszt: (0,0.5,0.2)
0:v5-0 liszt: (0,0.5,0.1)
0:v6-0 liszt: (0,0,0)
0:v7-0 liszt: (0,0.4,0)
0:v8-0 liszt: (0,0.3,0)
0:v9-0 liszt: (0,0.2,0)
0:v10-0 liszt: (0,0.1,0)
0:v11-0 liszt: (0,0,0.5)
0:v12-0 liszt: (0,0,0.1)
0:v13-0 liszt: (0,0,0.2)
0:v14-0 liszt: (0,0,0.3)
0:v15-0 liszt: (0,0,0.4)
0:v16-0 liszt: (0,0.4,0.5)
0:v17-0 liszt: (0,0.3,0.5)
0:v18-0 liszt: (0,0.2,0.5)
0:v19-0 liszt: (0,0.1,0.5)
0:v20-0 liszt: (1,0.5,0)
0:v21-0 liszt: (1,0.5,0.5)
0:v22-0 liszt: (1,0.5,0.1)
0:v23-0 liszt: (1,0.5,0.2)
0:v24-0 liszt: (1,0.5,0.3)
0:v25-0 liszt: (1,0.5,0.4)
0:v26-0 liszt: (1,0,0)
0:v27-0 liszt: (1,0.4,0)
0:v28-0 liszt: (1,0.3,0)
0:v29-0 liszt: (1,0.2,0)
0:v30-0 liszt: (1,0.1,0)
0:v31-0 liszt: (1,0,0.5)
0:v32-0 liszt: (1,0,0.1)
0:v33-0 liszt: (1,0,0.2)
0:v34-0 liszt: (1,0,0.3)
0:v35-0 liszt: (1,0,0.4)
0:v36-0 liszt: (1,0.4,0.5)
0:v37-0 liszt: (1,0.3,0.5)
0:v38-0 liszt: (1,0.2,0.5)
0:v39-0 liszt: (1,0.1,0.5)
0:v40-0 liszt: (0.1,0.5,0)
0:v41-0 liszt: (0.2,0.5,0)
0:v42-0 liszt: (0.3,0.5,0)
0:v43-0 liszt: (0.4,0.5,0)
0:v44-0 liszt: (0.5,0.5,0)
0:v45-0 liszt: (0.6,0.5,0)
0:v46-0 liszt: (0.7,0.5,0)
0:v47-0 liszt: (0.8,0.5,0)
0:v48-0 liszt: (0.9,0.5,0)
0:v49-0 liszt: (0.1,0,0)
0:v50-0 liszt: (0.2,0,0)
0:v51-0 liszt: (0.3,0,0)
0:v52-0 liszt: (0.4,0,0)
0:v53-0 liszt: (0.5,0,0)
0:v54-0 liszt: (0.6,0,0)
0:v55-0 liszt: (0.7,0,0)
0:v56-0 liszt: (0.8,0,0)
0:v57-0 liszt: (0.9,0,0)
0:v58-0 liszt: (0.9,0.5,0.5)
0:v59-0 liszt: (0.8,0.5,0.5)
0:v60-0 liszt: (0.7,0.5,0.5)
0:v61-0 liszt: (0.6,0.5,0.5)
0:v62-0 liszt: (0.5,0.5,0.5)
0:v63-0 liszt: (0.4,0.5,0.5)
0:v64-0 liszt: (0.3,0.5,0.5)
0:v65-0 liszt: (0.2,0.5,0.5)
0:v66-0 liszt: (0.1,0.5,0.5)
0:v67-0 liszt: (0.1,0,0.5)
0:v68-0 liszt: (0.2,0,0.5)
0:v69-0 liszt: (0.3,0,0.5)
0:v70-0 liszt: (0.4,0,0.5)
0:v71-0 liszt: (0.5,0,0.5)
0:v72-0 liszt: (0.6,0,0.5)
0:v73-0 liszt: (0.7,0,0.5)
0:v74-0 liszt: (0.8,0,0.5)
0:v75-0 liszt: (0.9,0,0.5)
0:v76-0 liszt: (1,0.1,0.1)
0:v77-0 liszt: (1,0.1,0.2)
0:v78-0 liszt: (1,0.1,0.3)
0:v79-0 liszt: (1,0.1,0.4)
0:v80-0 liszt: (1,0.2,0.1)
0:v81-0 liszt: (1,0.2,0.2)
0:v82-0 liszt: (1,0.2,0.3)
0:v83-0 liszt: (1,0.2,0.4)
0:v84-0 liszt: (1,0.3,0.1)
0:v85-0 liszt: (1,0.3,0.2)
0:v86-0 liszt: (1,0.3,0.3)
0:v87-0 liszt: (1,0.3,0.4)
0:v88-0 liszt: (1,0.4,0.1)
0:v89-0 liszt: (1,0.4,0.2)
0:v90-0 liszt: (1,0.4,0.3)
0:v91-0 liszt: (1,0.4,0.4)
0:v92-0 liszt: (0.9,0.1,0.5)
0:v93-0 liszt: (0.8,0.1,0.5)
0:v94-0 liszt: (0.7,0.1,0.5)
0:v95-0 liszt: (0.6,0.1,0.5)
0:v96-0 liszt: (0.5,0.1,0.5)
0:v97-0 liszt: (0.4,0.1,0.5)
0:v98-0 liszt: (0.3,0.1,0.5)
0:v99-0 liszt: (0.2,0.1,0.5)
0:v100-0 liszt: (0.1,0.1,0.5)
0:v101-0 liszt: (0.9,0.2,0.5)
0:v102-0 liszt: (0.8,0.2,0.5)
0:v103-0 liszt: (0.7,0.2,0.5)
0:v104-0 liszt: (0.6,0.2,0.5)
0:v105-0 liszt: (0.5,0.2,0.5)
0:v106-0 liszt: (0.4,0.2,0.5)
0:v107-0 liszt: (0.3,0.2,0.5)
0:v108-0 liszt: (0.2,0.2,0.5)
0:v109-0 liszt: (0.1,0.2,0.5)
0:v110-0 liszt: (0.9,0.3,0.5)
0:v111-0 liszt: (0.8,0.3,0.5)
0:v112-0 liszt: (0.7,0.3,0.5)
0:v113-0 liszt: (0.6,0.3,0.5)
0:v114-0 liszt: (0.5,0.3,0.5)
0:v115-0 liszt: (0.4,0.3,0.5)
0:v116-0 liszt: (0.3,0.3,0.5)
0:v117-0 liszt: (0.2,0.3,0.5)
0:v118-0 liszt: (0.1,0.3,0.5)
0:v119-0 liszt: (0.9,0.4,0.5)
0:v120-0 liszt: (0.8,0.4,0.5)
0:v121-0 liszt: (0.7,0.4,0.5)
0:v122-0 liszt: (0.6,0.4,0.5)
0:v123-0 liszt: (0.5,0.4,0.5)
0:v124-0 liszt: (0.4,0.4,0.5)
0:v125-0 liszt: (0.3,0.4,0.5)
0:v126-0 liszt: (0.2,0.4,0.5)
0:v127-0 liszt: (0.1,0.4,0.5)
0:v128-0 liszt: (0.9,0,0.4)
0:v129-0 liszt: (0.9,0,0.3)
0:v130-0 liszt: (0.9,0,0.2)
0:v131-0 liszt: (0.9,0,0.1)
0:v132-0 liszt: (0.8,0,0.4)
0:v133-0 liszt: (0.8,0,0.3)
0:v134-0 liszt: (0.8,0,0.2)
0:v135-0 liszt: (0.8,0,0.1)
0:v136-0 liszt: (0.7,0,0.4)
0:v137-0 liszt: (0.7,0,0.3)
0:v138-0 liszt: (0.7,0,0.2)
0:v139-0 liszt: (0.7,0,0.1)
0:v140-0 liszt: (0.6,0,0.4)
0:v141-0 liszt: (0.6,0,0.3)
0:v142-0 liszt: (0.6,0,0.2)
0:v143-0 liszt: (0.6,0,0.1)
0:v144-0 liszt: (0.5,0,0.4)
0:v145-0 liszt: (0.5,0,0.3)
0:v146-0 liszt: (0.5,0,0.2)
0:v147-0 liszt: (0.5,0,0.1)
0:v148-0 liszt: (0.4,0,0.4)
0:v149-0 liszt: (0.4,0,0.3)
0:v150-0 liszt: (0.4,0,0.2)
0:v151-0 liszt: (0.4,0,0.1)
0:v152-0 liszt: (0.3,0,0.4)
0:v153-0 liszt: (0.3,0,0.3)
0:v154-0 liszt: (0.3,0,0.2)
0:v155-0 liszt: (0.3,0,0.1)
0:v156-0 liszt: (0.2,0,0.4)
0:v157-0 liszt: (0.2,0,0.3)
0:v158-0 liszt: (0.2,0,0.2)
0:v159-0 liszt: (0.2,0,0.1)
0:v160-0 liszt: (0.1,0,0.4)
0:v161-0 liszt: (0.1,0,0.3)
0:v162-0 liszt: (0.1,0,0.2)
0:v163-0 liszt: (0.1,0,0.1)
0:v164-0 liszt: (0.9,0.1,0)
0:v165-0 liszt: (0.9,0.2,0)
0:v166-0 liszt: (0.9,0.3,0)
0:v167-0 liszt: (0.9,0.4,0)
0:v168-0 liszt: (0.8,0.1,0)
0:v169-0 liszt: (0.8,0.2,0)
0:v170-0 liszt: (0.8,0.3,0)
0:v171-0 liszt: (0.8,0.4,0)
0:v172-0 liszt: (0.7,0.1,0)
0:v173-0 liszt: (0.7,0.2,0)
0:v174-0 liszt: (0.7,0.3,0)
0:v175-0 liszt: (0.7,0.4,0)
0:v176-0 liszt: (0.6,0.1,0)
0:v177-0 liszt: (0.6,0.2,0)
0:v178-0 liszt: (0.6,0.3,0)
0:v179-0 liszt: (0.6,0.4,0)
0:v180-0 liszt: (0.5,0.1,0)
0:v181-0 liszt: (0.5,0.2,0)
0:v182-0 liszt: (0.5,0.3,0)
0:v183-0 liszt: (0.5,0.4,0)
0:v184-0 liszt: (0.4,0.1,0)
0:v185-0 liszt: (0.4,0.2,0)
0:v186-0 liszt: (0.4,0.3,0)
0:v187-0 liszt: (0.4,0.4,0)
0:v188-0 liszt: (0.3,0.1,0)
0:v189-0 liszt: (0.3,0.2,0)
0:v190-0 liszt: (0.3,0.3,0)
0:v191-0 liszt: (0.3,0.4,0)
0:v192-0 liszt: (0.2,0.1,0)
0:v193-0 liszt: (0.2,0.2,0)
0:v194-0 liszt: (0.2,0.3,0)
0:v195-0 liszt: (0.2,0.4,0)
0:v196-0 liszt: (0.1,0.1,0)
0:v197-0 liszt: (0.1,0.2,0)
0:v198-0 liszt: (0.1,0.3,0)
0:v199-0 liszt: (0.1,0.4,0)
0:v200-0 liszt: (0.9,0.5,0.1)
0:v201-0 liszt: (0.9,0.5,0.2)
0:v202-0 liszt: (0.9,0.5,0.3)
0:v203-0 liszt: (0.9,0.5,0.4)
0:v204-0 liszt: (0.8,0.5,0.1)
0:v205-0 liszt: (0.8,0.5,0.2)
0:v206-0 liszt: (0.8,0.5,0.3)
0:v207-0 liszt: (0.8,0.5,0.4)
0:v208-0 liszt: (0.7,0.5,0.1)
0:v209-0 liszt: (0.7,0.5,0.2)
0:v210-0 liszt: (0.7,0.5,0.3)
0:v211-0 liszt: (0.7,0.5,0.4)
0:v212-0 liszt: (0.6,0.5,0.1)
0:v213-0 liszt: (0.6,0.5,0.2)
0:v214-0 liszt: (0.6,0.5,0.3)
0:v215-0 liszt: (0.6,0.5,0.4)
0:v216-0 liszt: (0.5,0.5,0.1)
0:v217-0 liszt: (0.5,0.5,0.2)
0:v218-0 liszt: (0.5,0.5,0.3)
0:v219-0 liszt: (0.5,0.5,0.4)
0:v220-0 liszt: (0.4,0.5,0.1)
0:v221-0 liszt: (0.4,0.5,0.2)
0:v222-0 liszt: (0.4,0.5,0.3)
0:v223-0 liszt: (0.4,0.5,0.4)
0:v224-0 liszt: (0.3,0.5,0.1)
0:v225-0 liszt: (0.3,0.5,0.2)
0:v226-0 liszt: (0.3,0.5,0.3)
0:v227-0 liszt: (0.3,0.5,0.4)
0:v228-0 liszt: (0.2,0.5,0.1)
0:v229-0 liszt: (0.2,0.5,0.2)
0:v230-0 liszt: (0.2,0.5,0.3)
0:v231-0 liszt: (0.2,0.5,0.4)
0:v232-0 liszt: (0.1,0.5,0.1)
0:v233-0 liszt: (0.1,0.5,0.2)
0:v234-0 liszt: (0.1,0.5,0.3)
0:v235-0 liszt: (0.1,0.5,0.4)
0:v236-0 liszt: (0,0.1,0.4)
0:v237-0 liszt: (0,0.1,0.3)
0:v238-0 liszt: (0,0.1,0.2)
0:v239-0 liszt: (0,0.1,0.1)
0:v240-0 liszt: (0,0.2,0.4)
0:v241-0 liszt: (0,0.2,0.3)
0:v242-0 liszt: (0,0.2,0.2)
0:v243-0 liszt: (0,0.2,0.1)
0:v244-0 liszt: (0,0.3,0.4)
0:v245-0 liszt: (0,0.3,0.3)
0:v246-0 liszt: (0,0.3,0.2)
0:v247-0 liszt: (0,0.3,0.1)
0:v248-0 liszt: (0,0.4,0.4)
0:v249-0 liszt: (0,0.4,0.3)
0:v250-0 liszt: (0,0.4,0.2)
0:v251-0 liszt: (0,0.4,0.1)
0:v252-0 liszt: (0.9,0.4,0.1)
0:v253-0 liszt: (0.9,0.4,0.2)
0:v254-0 liszt: (0.9,0.4,0.3)
0:v255-0 liszt: (0.9,0.4,0.4)
0:v256-0 liszt: (0.8,0.4,0.1)
0:v257-0 liszt: (0.8,0.4,0.2)
0:v258-0 liszt: (0.8,0.4,0.3)
0:v259-0 liszt: (0.8,0.4,0.4)
0:v260-0 liszt: (0.7,0.4,0.1)
0:v261-0 liszt: (0.7,0.4,0.2)
0:v262-0 liszt: (0.7,0.4,0.3)
0:v263-0 liszt: (0.7,0.4,0.4)
0:v264-0 liszt: (0.6,0.4,0.1)
0:v265-0 liszt: (0.6,0.4,0.2)
0:v266-0 liszt: (0.6,0.4,0.3)
0:v267-0 liszt: (0.6,0.4,0.4)
0:v268-0 liszt: (0.5,0.4,0.1)
0:v269-0 liszt: (0.5,0.4,0.2)
0:v270-0 liszt: (0.5,0.4,0.3)
0:v271-0 liszt: (0.5,0.4,0.4)
0:v272-0 liszt: (0.4,0.4,0.1)
0:v273-0 liszt: (0.4,0.4,0.2)
0:v274-0 liszt: (0.4,0.4,0.3)
0:v275-0 liszt: (0.4,0.4,0.4)
0:v276-0 liszt: (0.3,0.4,0.1)
0:v277-0 liszt: (0.3,0.4,0.2)
0:v278-0 liszt: (0.3,0.4,0.3)
0:v279-0 liszt: (0.3,0.4,0.4)
0:v280-0 liszt: (0.2,0.4,0.1)
0:v281-0 liszt: (0.2,0.4,0.2)
0:v282-0 liszt: (0.2,0.4,0.3)
0:v283-0 liszt: (0.2,0.4,0.4)
0:v284-0 liszt: (0.1,0.4,0.1)
0:v285-0 liszt: (0.1,0.4,0.2)
0:v286-0 liszt: (0.1,0.4,0.3)
0:v287-0 liszt: (0.1,0.4,0.4)
0:v288-0 liszt: (0.9,0.3,0.1)
0:v289-0 liszt: (0.9,0.3,0.2)
0:v290-0 liszt: (0.9,0.3,0.3)
0:v291-0 liszt: (0.9,0.3,0.4)
0:v292-0 liszt: (0.8,0.3,0.1)
0:v293-0 liszt: (0.8,0.3,0.2)
0:v294-0 liszt: (0.8,0.3,0.3)
0:v295-0 liszt: (0.8,0.3,0.4)
0:v296-0 liszt: (0.7,0.3,0.1)
0:v297-0 liszt: (0.7,0.3,0.2)
0:v298-0 liszt: (0.7,0.3,0.3)
0:v299-0 liszt: (0.7,0.3,0.4)
0:v300-0 liszt: (0.6,0.3,0.1)
0:v301-0 liszt: (0.6,0.3,0.2)
0:v302-0 liszt: (0.6,0.3,0.3)
0:v303-0 liszt: (0.6,0.3,0.4)
0:v304-0 liszt: (0.5,0.3,0.1)
0:v305-0 liszt: (0.5,0.3,0.2)
0:v306-0 liszt: (0.5,0.3,0.3)
0:v307-0 liszt: (0.5,0.3,0.4)
0:v308-0 liszt: (0.4,0.3,0.1)
0:v309-0 liszt: (0.4,0.3,0.2)
0:v310-0 liszt: (0.4,0.3,0.3)
0:v311-0 liszt: (0.4,0.3,0.4)
0:v312-0 liszt: (0.3,0.3,0.1)
0:v313-0 liszt: (0.3,0.3,0.2)
0:v314-0 liszt: (0.3,0.3,0.3)
0:v315-0 liszt: (0.3,0.3,0.4)
0:v316-0 liszt: (0.2,0.3,0.1)
0:v317-0 liszt: (0.2,0.3,0.2)
0:v318-0 liszt: (0.2,0.3,0.3)
0:v319-0 liszt: (0.2,0.3,0.4)
0:v320-0 liszt: (0.1,0.3,0.1)
0:v321-0 liszt: (0.1,0.3,0.2)
0:v322-0 liszt: (0.1,0.3,0.3)
0:v323-0 liszt: (0.1,0.3,0.4)
0:v324-0 liszt: (0.9,0.2,0.1)
0:v325-0 liszt: (0.9,0.2,0.2)
0:v326-0 liszt: (0.9,0.2,0.3)
0:v327-0 liszt: (0.9,0.2,0.4)
0:v328-0 liszt: (0.8,0.2,0.1)
0:v329-0 liszt: (0.8,0.2,0.2)
0:v330-0 liszt: (0.8,0.2,0.3)
0:v331-0 liszt: (0.8,0.2,0.4)
0:v332-0 liszt: (0.7,0.2,0.1)
0:v333-0 liszt: (0.7,0.2,0.2)
0:v334-0 liszt: (0.7,0.2,0.3)
0:v335-0 liszt: (0.7,0.2,0.4)
0:v336-0 liszt: (0.6,0.2,0.1)
0:v337-0 liszt: (0.6,0.2,0.2)
0:v338-0 liszt: (0.6,0.2,0.3)
0:v339-0 liszt: (0.6,0.2,0.4)
0:v340-0 liszt: (0.5,0.2,0.1)
0:v341-0 liszt: (0.5,0.2,0.2)
0:v342-0 liszt: (0.5,0.2,0.3)
0:v343-0 liszt: (0.5,0.2,0.4)
0:v344-0 liszt: (0.4,0.2,0.1)
0:v345-0 liszt: (0.4,0.2,0.2)
0:v346-0 liszt: (0.4,0.2,0.3)
0:v347-0 liszt: (0.4,0.2,0.4)
0:v348-0 liszt: (0.3,0.2,0.1)
0:v349-0 liszt: (0.3,0.2,0.2)
0:v350-0 liszt: (0.3,0.2,0.3)
0:v351-0 liszt: (0.3,0.2,0.4)
0:v352-0 liszt: (0.2,0.2,0.1)
0:v353-0 liszt: (0.2,0.2,0.2)
0:v354-0 liszt: (0.2,0.2,0.3)
0:v355-0 liszt: (0.2,0.2,0.4)
0:v356-0 liszt: (0.1,0.2,0.1)
0:v357-0 liszt: (0.1,0.2,0.2)
0:v358-0 liszt: (0.1,0.2,0.3)
0:v359-0 liszt: (0.1,0.2,0.4)
0:v360-0 liszt: (0.9,0.1,0.1)
0:v361-0 liszt: (0.9,0.1,0.2)
0:v362-0 liszt: (0.9,0.1,0.3)
0:v363-0 liszt: (0.9,0.1,0.4)
0:v364-0 liszt: (0.8,0.1,0.1)
0:v365-0 liszt: (0.8,0.1,0.2)
0:v366-0 liszt: (0.8,0.1,0.3)
0:v367-0 liszt: (0.8,0.1,0.4)
0:v368-0 liszt: (0.7,0.1,0.1)
0:v369-0 liszt: (0.7,0.1,0.2)
0:v370-0 liszt: (0.7,0.1,0.3)
0:v371-0 liszt: (0.7,0.1,0.4)
0:v372-0 liszt: (0.6,0.1,0.1)
0:v373-0 liszt: (0.6,0.1,0.2)
0:v374-0 liszt: (0.6,0.1,0.3)
0:v375-0 liszt: (0.6,0.1,0.4)
0:v376-0 liszt: (0.5,0.1,0.1)
0:v377-0 liszt: (0.5,0.1,0.2)
0:v378-0 liszt: (0.5,0.1,0.3)
0:v379-0 liszt: (0.5,0.1,0.4)
0:v380-0 liszt: (0.4,0.1,0.1)
0:v381-0 liszt: (0.4,0.1,0.2)
0:v382-0 liszt: (0.4,0.1,0.3)
0:v383-0 liszt: (0.4,0.1,0.4)
0:v384-0 liszt: (0.3,0.1,0.1)
0:v385-0 liszt: (0.3,0.1,0.2)
0:v386-0 liszt: (0.3,0.1,0.3)
0:v387-0 liszt: (0.3,0.1,0.4)
0:v388-0 liszt: (0.2,0.1,0.1)
0:v389-0 liszt: (0.2,0.1,0.2)
0:v390-0 liszt: (0.2,0.1,0.3)
0:v391-0 liszt: (0.2,0.1,0.4)
0:v392-0 liszt: (0.1,0.1,0.1)
0:v393-0 liszt: (0.1,0.1,0.2)
0:v394-0 liszt: (0.1,0.1,0.3)
0:v395-0 liszt: (0.1,0.1,0.4)
1:v252-0 liszt: ID 252 value (0.9,0.4,0.1)(0.9,0.4,0.1)
1:v253-0 liszt: ID 253 value (0.9,0.4,0.2)(0.9,0.4,0.2)
1:v254-0 liszt: ID 254 value (0.9,0.4,0.3)(0.9,0.4,0.3)
1:v255-0 liszt: ID 255 value (0.9,0.4,0.4)(0.9,0.4,0.4)
1:v256-0 liszt: ID 256 value (0.8,0.4,0.1)(0.8,0.4,0.1)
1:v257-0 liszt: ID 257 value (0.8,0.4,0.2)(0.8,0.4,0.2)
1:v258-0 liszt: ID 258 value (0.8,0.4,0.3)(0.8,0.4,0.3)
1:v259-0 liszt: ID 259 value (0.8,0.4,0.4)(0.8,0.4,0.4)
1:v260-0 liszt: ID 260 value (0.7,0.4,0.1)(0.7,0.4,0.1)
1:v261-0 liszt: ID 261 value (0.7,0.4,0.2)(0.7,0.4,0.2)
1:v262-0 liszt: ID 262 value (0.7,0.4,0.3)(0.7,0.4,0.3)
1:v263-0 liszt: ID 263 value (0.7,0.4,0.4)(0.7,0.4,0.4)
1:v264-0 liszt: ID 264 value (0.6,0.4,0.1)(0.6,0.4,0.1)
1:v265-0 liszt: ID 265 value (0.6,0.4,0.2)(0.6,0.4,0.2)
1:v266-0 liszt: ID 266 value (0.6,0.4,0.3)(0.6,0.4,0.3)
1:v267-0 liszt: ID 267 value (0.6,0.4,0.4)(0.6,0.4,0.4)
1:v268-0 liszt: ID 268 value (0.5,0.4,0.1)(0.5,0.4,0.1)
1:v269-0 liszt: ID 269 value (0.5,0.4,0.2)(0.5,0.4,0.2)
1:v270-0 liszt: ID 270 value (0.5,0.4,0.3)(0.5,0.4,0.3)
1:v271-0 liszt: ID 271 value (0.5,0.4,0.4)(0.5,0.4,0.4)
1:v272-0 liszt: ID 272 value (0.4,0.4,0.1)(0.4,0.4,0.1)
1:v273-0 liszt: ID 273 value (0.4,0.4,0.2)(0.4,0.4,0.2)
1:v274-0 liszt: ID 274 value (0.4,0.4,0.3)(0.4,0.4,0.3)
1:v275-0 liszt: ID 275 value (0.4,0.4,0.4)(0.4,0.4,0.4)
1:v276-0 liszt: ID 276 value (0.3,0.4,0.1)(0.3,0.4,0.1)
1:v277-0 liszt: ID 277 value (0.3,0.4,0.2)(0.3,0.4,0.2)
1:v278-0 liszt: ID 278 value (0.3,0.4,0.3)(0.3,0.4,0.3)
1:v279-0 liszt: ID 279 value (0.3,0.4,0.4)(0.3,0.4,0.4)
1:v280-0 liszt: ID 280 value (0.2,0.4,0.1)(0.2,0.4,0.1)
1:v281-0 liszt: ID 281 value (0.2,0.4,0.2)(0.2,0.4,0.2)
1:v282-0 liszt: ID 282 value (0.2,0.4,0.3)(0.2,0.4,0.3)
1:v283-0 liszt: ID 283 value (0.2,0.4,0.4)(0.2,0.4,0.4)
1:v284-0 liszt: ID 284 value (0.1,0.4,0.1)(0.1,0.4,0.1)
1:v285-0 liszt: ID 285 value (0.1,0.4,0.2)(0.1,0.4,0.2)
1:v286-0 liszt: ID 286 value (0.1,0.4,0.3)(0.1,0.4,0.3)
1:v287-0 liszt: ID 287 value (0.1,0.4,0.4)(0.1,0.4,0.4)
1:v288-0 liszt: ID 288 value (0.9,0.3,0.1)(0.9,0.3,0.1)
1:v289-0 liszt: ID 289 value (0.9,0.3,0.2)(0.9,0.3,0.2)
1:v290-0 liszt: ID 290 value (0.9,0.3,0.3)(0.9,0.3,0.3)
1:v291-0 liszt: ID 291 value (0.9,0.3,0.4)(0.9,0.3,0.4)
1:v292-0 liszt: ID 292 value (0.8,0.3,0.1)(0.8,0.3,0.1)
1:v293-0 liszt: ID 293 value (0.8,0.3,0.2)(0.8,0.3,0.2)
1:v294-0 liszt: ID 294 value (0.8,0.3,0.3)(0.8,0.3,0.3)
1:v295-0 liszt: ID 295 value (0.8,0.3,0.4)(0.8,0.3,0.4)
1:v296-0 liszt: ID 296 value (0.7,0.3,0.1)(0.7,0.3,0.1)
1:v297-0 liszt: ID 297 value (0.7,0.3,0.2)(0.7,0.3,0.2)
1:v298-0 liszt: ID 298 value (0.7,0.3,0.3)(0.7,0.3,0.3)
1:v299-0 liszt: ID 299 value (0.7,0.3,0.4)(0.7,0.3,0.4)
1:v300-0 liszt: ID 300 value (0.6,0.3,0.1)(0.6,0.3,0.1)
1:v301-0 liszt: ID 301 value (0.6,0.3,0.2)(0.6,0.3,0.2)
1:v302-0 liszt: ID 302 value (0.6,0.3,0.3)(0.6,0.3,0.3)
1:v303-0 liszt: ID 303 value (0.6,0.3,0.4)(0.6,0.3,0.4)
1:v304-0 liszt: ID 304 value (0.5,0.3,0.1)(0.5,0.3,0.1)
1:v305-0 liszt: ID 305 value (0.5,0.3,0.2)(0.5,0.3,0.2)
1:v306-0 liszt: ID 306 value (0.5,0.3,0.3)(0.5,0.3,0.3)
1:v307-0 liszt: ID 307 value (0.5,0.3,0.4)(0.5,0.3,0.4)
1:v308-0 liszt: ID 308 value (0.4,0.3,0.1)(0.4,0.3,0.1)
1:v309-0 liszt: ID 309 value (0.4,0.3,0.2)(0.4,0.3,0.2)
1:v310-0 liszt: ID 310 value (0.4,0.3,0.3)(0.4,0.3,0.3)
1:v311-0 liszt: ID 311 value (0.4,0.3,0.4)(0.4,0.3,0.4)
1:v312-0 liszt: ID 312 value (0.3,0.3,0.1)(0.3,0.3,0.1)
1:v313-0 liszt: ID 313 value (0.3,0.3,0.2)(0.3,0.3,0.2)
1:v314-0 liszt: ID 314 value (0.3,0.3,0.3)(0.3,0.3,0.3)
1:v315-0 liszt: ID 315 value (0.3,0.3,0.4)(0.3,0.3,0.4)
1:v316-0 liszt: ID 316 value (0.2,0.3,0.1)(0.2,0.3,0.1)
1:v317-0 liszt: ID 317 value (0.2,0.3,0.2)(0.2,0.3,0.2)
1:v318-0 liszt: ID 318 value (0.2,0.3,0.3)(0.2,0.3,0.3)
1:v319-0 liszt: ID 319 value (0.2,0.3,0.4)(0.2,0.3,0.4)
1:v320-0 liszt: ID 320 value (0.1,0.3,0.1)(0.1,0.3,0.1)
1:v321-0 liszt: ID 321 value (0.1,0.3,0.2)(0.1,0.3,0.2)
1:v322-0 liszt: ID 322 value (0.1,0.3,0.3)(0.1,0.3,0.3)
1:v323-0 liszt: ID 323 value (0.1,0.3,0.4)(0.1,0.3,0.4)
1:v324-0 liszt: ID 324 value (0.9,0.2,0.1)(0.9,0.2,0.1)
1:v325-0 liszt: ID 325 value (0.9,0.2,0.2)(0.9,0.2,0.2)
1:v326-0 liszt: ID 326 value (0.9,0.2,0.3)(0.9,0.2,0.3)
1:v327-0 liszt: ID 327 value (0.9,0.2,0.4)(0.9,0.2,0.4)
1:v328-0 liszt: ID 328 value (0.8,0.2,0.1)(0.8,0.2,0.1)
1:v329-0 liszt: ID 329 value (0.8,0.2,0.2)(0.8,0.2,0.2)
1:v330-0 liszt: ID 330 value (0.8,0.2,0.3)(0.8,0.2,0.3)
1:v331-0 liszt: ID 331 value (0.8,0.2,0.4)(0.8,0.2,0.4)
1:v332-0 liszt: ID 332 value (0.7,0.2,0.1)(0.7,0.2,0.1)
1:v333-0 liszt: ID 333 value (0.7,0.2,0.2)(0.7,0.2,0.2)
1:v334-0 liszt: ID 334 value (0.7,0.2,0.3)(0.7,0.2,0.3)
1:v335-0 liszt: ID 335 value (0.7,0.2,0.4)(0.7,0.2,0.4)
1:v336-0 liszt: ID 336 value (0.6,0.2,0.1)(0.6,0.2,0.1)
1:v337-0 liszt: ID 337 value (0.6,0.2,0.2)(0.6,0.2,0.2)
1:v338-0 liszt: ID 338 value (0.6,0.2,0.3)(0.6,0.2,0.3)
1:v339-0 liszt: ID 339 value (0.6,0.2,0.4)(0.6,0.2,0.4)
1:v340-0 liszt: ID 340 value (0.5,0.2,0.1)(0.5,0.2,0.1)
1:v341-0 liszt: ID 341 value (0.5,0.2,0.2)(0.5,0.2,0.2)
1:v342-0 liszt: ID 342 value (0.5,0.2,0.3)(0.5,0.2,0.3)
1:v343-0 liszt: ID 343 value (0.5,0.2,0.4)(0.5,0.2,0.4)
1:v344-0 liszt: ID 344 value (0.4,0.2,0.1)(0.4,0.2,0.1)
1:v345-0 liszt: ID 345 value (0.4,0.2,0.2)(0.4,0.2,0.2)
1:v346-0 liszt: ID 346 value (0.4,0.2,0.3)(0.4,0.2,0.3)
1:v347-0 liszt: ID 347 value (0.4,0.2,0.4)(0.4,0.2,0.4)
1:v348-0 liszt: ID 348 value (0.3,0.2,0.1)(0.3,0.2,0.1)
1:v349-0 liszt: ID 349 value (0.3,0.2,0.2)(0.3,0.2,0.2)
1:v350-0 liszt: ID 350 value (0.3,0.2,0.3)(0.3,0.2,0.3)
1:v351-0 liszt: ID 351 value (0.3,0.2,0.4)(0.3,0.2,0.4)
1:v352-0 liszt: ID 352 value (0.2,0.2,0.1)(0.2,0.2,0.1)
1:v353-0 liszt: ID 353 value (0.2,0.2,0.2)(0.2,0.2,0.2)
1:v354-0 liszt: ID 354 value (0.2,0.2,0.3)(0.2,0.2,0.3)
1:v355-0 liszt: ID 355 value (0.2,0.2,0.4)(0.2,0.2,0.4)
1:v356-0 liszt: ID 356 value (0.1,0.2,0.1)(0.1,0.2,0.1)
1:v357-0 liszt: ID 357 value (0.1,0.2,0.2)(0.1,0.2,0.2)
1:v358-0 liszt: ID 358 value (0.1,0.2,0.3)(0.1,0.2,0.3)
1:v359-0 liszt: ID 359 value (0.1,0.2,0.4)(0.1,0.2,0.4)
1:v360-0 liszt: ID 360 value (0.9,0.1,0.1)(0.9,0.1,0.1)
1:v361-0 liszt: ID 361 value (0.9,0.1,0.2)(0.9,0.1,0.2)
1:v362-0 liszt: ID 362 value (0.9,0.1,0.3)(0.9,0.1,0.3)
1:v363-0 liszt: ID 363 value (0.9,0.1,0.4)(0.9,0.1,0.4)
1:v364-0 liszt: ID 364 value (0.8,0.1,0.1)(0.8,0.1,0.1)
1:v365-0 liszt: ID 365 value (0.8,0.1,0.2)(0.8,0.1,0.2)
1:v366-0 liszt: ID 366 value (0.8,0.1,0.3)(0.8,0.1,0.3)
1:v367-0 liszt: ID 367 value (0.8,0.1,0.4)(0.8,0.1,0.4)
1:v368-0 liszt: ID 368 value (0.7,0.1,0.1)(0.7,0.1,0.1)
1:v369-0 liszt: ID 369 value (0.7,0.1,0.2)(0.7,0.1,0.2)
1:v370-0 liszt: ID 370 value (0.7,0.1,0.3)(0.7,0.1,0.3)
1:v371-0 liszt: ID 371 value (0.7,0.1,0.4)(0.7,0.1,0.4)
1:v372-0 liszt: ID 372 value (0.6,0.1,0.1)(0.6,0.1,0.1)
1:v373-0 liszt: ID 373 value (0.6,0.1,0.2)(0.6,0.1,0.2)
1:v374-0 liszt: ID 374 value (0.6,0.1,0.3)(0.6,0.1,0.3)
1:v375-0 liszt: ID 375 value (0.6,0.1,0.4)(0.6,0.1,0.4)
1:v376-0 liszt: ID 376 value (0.5,0.1,0.1)(0.5,0.1,0.1)
1:v377-0 liszt: ID 377 value (0.5,0.1,0.2)(0.5,0.1,0.2)
1:v378-0 liszt: ID 378 value (0.5,0.1,0.3)(0.5,0.1,0.3)
1:v379-0 liszt: ID 379 value (0.5,0.1,0.4)(0.5,0.1,0.4)
1:v380-0 liszt: ID 380 value (0.4,0.1,0.1)(0.4,0.1,0.1)
1:v381-0 liszt: ID 381 value (0.4,0.1,0.2)(0.4,0.1,0.2)
1:v382-0 liszt: ID 382 value (0.4,0.1,0.3)(0.4,0.1,0.3)
1:v383-0 liszt: ID 383 value (0.4,0.1,0.4)(0.4,0.1,0.4)
1:v384-0 liszt: ID 384 value (0.3,0.1,0.1)(0.3,0.1,0.1)
1:v385-0 liszt: ID 385 value (0.3,0.1,0.2)(0.3,0.1,0.2)
1:v386-0 liszt: ID 386 value (0.3,0.1,0.3)(0.3,0.1,0.3)
1:v387-0 liszt: ID 387 value (0.3,0.1,0.4)(0.3,0.1,0.4)
1:v388-0 liszt: ID 388 value (0.2,0.1,0.1)(0.2,0.1,0.1)
1:v389-0 liszt: ID 389 value (0.2,0.1,0.2)(0.2,0.1,0.2)
1:v390-0 liszt: ID 390 value (0.2,0.1,0.3)(0.2,0.1,0.3)
1:v391-0 liszt: ID 391 value (0.2,0.1,0.4)(0.2,0.1,0.4)
1:v392-0 liszt: ID 392 value (0.1,0.1,0.1)(0.1,0.1,0.1)
1:v393-0 liszt: ID 393 value (0.1,0.1,0.2)(0.1,0.1,0.2)
1:v394-0 liszt: ID 394 value (0.1,0.1,0.3)(0.1,0.1,0.3)
1:v395-0 liszt: ID 395 value (0.1,0.1,0.4)(0.1,0.1,0.4)
