0:c1-1 liszt: 1 
0:c2-1 liszt: 1 
0:c3-1 liszt: 1 
0:c4-1 liszt: 1 
0:c5-1 liszt: 1 
0:c6-1 liszt: 1 
0:c7-1 liszt: 1 
0:c8-1 liszt: 1 
0:c9-1 liszt: 1 
0:c10-1 liszt: 1 
0:c11-1 liszt: 1 
0:c12-1 liszt: 1 
0:c13-1 liszt: 1 
0:c14-1 liszt: 1 
0:c15-1 liszt: 1 
0:c16-1 liszt: 1 
0:c17-1 liszt: 1 
0:c18-1 liszt: 1 
0:c19-1 liszt: 1 
0:c20-1 liszt: 1 
0:c21-1 liszt: 1 
0:c22-1 liszt: 1 
0:c23-1 liszt: 1 
0:c24-1 liszt: 1 
0:c25-1 liszt: 1 
0:c26-1 liszt: 1 
0:c27-1 liszt: 1 
0:c28-1 liszt: 1 
0:c29-1 liszt: 1 
0:c30-1 liszt: 1 
0:c31-1 liszt: 1 
0:c32-1 liszt: 1 
0:c33-1 liszt: 1 
0:c34-1 liszt: 1 
0:c35-1 liszt: 1 
0:c36-1 liszt: 1 
0:c37-1 liszt: 1 
0:c38-1 liszt: 1 
0:c39-1 liszt: 1 
0:c40-1 liszt: 1 
0:c41-1 liszt: 1 
0:c42-1 liszt: 1 
0:c43-1 liszt: 1 
0:c44-1 liszt: 1 
0:c45-1 liszt: 1 
0:c46-1 liszt: 1 
0:c47-1 liszt: 1 
0:c48-1 liszt: 1 
0:c49-1 liszt: 1 
0:c50-1 liszt: 1 
0:c51-1 liszt: 1 
0:c52-1 liszt: 1 
0:c53-1 liszt: 1 
0:c54-1 liszt: 1 
0:c55-1 liszt: 1 
0:c56-1 liszt: 1 
0:c57-1 liszt: 1 
0:c58-1 liszt: 1 
0:c59-1 liszt: 1 
0:c60-1 liszt: 1 
0:c61-1 liszt: 1 
0:c62-1 liszt: 1 
0:c63-1 liszt: 1 
0:c64-1 liszt: 1 
0:c65-1 liszt: 1 
0:c66-1 liszt: 1 
0:c67-1 liszt: 1 
0:c68-1 liszt: 1 
0:c69-1 liszt: 1 
0:c70-1 liszt: 1 
0:c71-1 liszt: 1 
0:c72-1 liszt: 1 
0:c73-1 liszt: 1 
0:c74-1 liszt: 1 
0:c75-1 liszt: 1 
0:c76-1 liszt: 1 
0:c77-1 liszt: 1 
0:c78-1 liszt: 1 
0:c79-1 liszt: 1 
0:c80-1 liszt: 1 
0:c81-1 liszt: 1 
0:c82-1 liszt: 1 
0:c83-1 liszt: 1 
0:c84-1 liszt: 1 
0:c85-1 liszt: 1 
0:c86-1 liszt: 1 
0:c87-1 liszt: 1 
0:c88-1 liszt: 1 
0:c89-1 liszt: 1 
0:c90-1 liszt: 1 
0:c91-1 liszt: 1 
0:c92-1 liszt: 1 
0:c93-1 liszt: 1 
0:c94-1 liszt: 1 
0:c95-1 liszt: 1 
0:c96-1 liszt: 1 
0:c97-1 liszt: 1 
0:c98-1 liszt: 1 
0:c99-1 liszt: 1 
0:c100-1 liszt: 1 
0:c101-1 liszt: 1 
0:c102-1 liszt: 1 
0:c103-1 liszt: 1 
0:c104-1 liszt: 1 
0:c105-1 liszt: 1 
0:c106-1 liszt: 1 
0:c107-1 liszt: 1 
0:c108-1 liszt: 1 
0:c109-1 liszt: 1 
0:c110-1 liszt: 1 
0:c111-1 liszt: 1 
0:c112-1 liszt: 1 
0:c113-1 liszt: 1 
0:c114-1 liszt: 1 
0:c115-1 liszt: 1 
0:c116-1 liszt: 1 
0:c117-1 liszt: 1 
0:c118-1 liszt: 1 
0:c119-1 liszt: 1 
0:c120-1 liszt: 1 
0:c121-1 liszt: 1 
0:c122-1 liszt: 1 
0:c123-1 liszt: 1 
0:c124-1 liszt: 1 
0:c125-1 liszt: 1 
0:c126-1 liszt: 1 
0:c127-1 liszt: 1 
0:c128-1 liszt: 1 
0:c129-1 liszt: 1 
0:c130-1 liszt: 1 
0:c131-1 liszt: 1 
0:c132-1 liszt: 1 
0:c133-1 liszt: 1 
0:c134-1 liszt: 1 
0:c135-1 liszt: 1 
0:c136-1 liszt: 1 
0:c137-1 liszt: 1 
0:c138-1 liszt: 1 
0:c139-1 liszt: 1 
0:c140-1 liszt: 1 
0:c141-1 liszt: 1 
0:c142-1 liszt: 1 
0:c143-1 liszt: 1 
0:c144-1 liszt: 1 
0:c145-1 liszt: 1 
0:c146-1 liszt: 1 
0:c147-1 liszt: 1 
0:c148-1 liszt: 1 
0:c149-1 liszt: 1 
0:c150-1 liszt: 1 
0:c151-1 liszt: 1 
0:c152-1 liszt: 1 
0:c153-1 liszt: 1 
0:c154-1 liszt: 1 
0:c155-1 liszt: 1 
0:c156-1 liszt: 1 
0:c157-1 liszt: 1 
0:c158-1 liszt: 1 
0:c159-1 liszt: 1 
0:c160-1 liszt: 1 
0:c161-1 liszt: 1 
0:c162-1 liszt: 1 
0:c163-1 liszt: 1 
0:c164-1 liszt: 1 
0:c165-1 liszt: 1 
0:c166-1 liszt: 1 
0:c167-1 liszt: 1 
0:c168-1 liszt: 1 
0:c169-1 liszt: 1 
0:c170-1 liszt: 1 
0:c171-1 liszt: 1 
0:c172-1 liszt: 1 
0:c173-1 liszt: 1 
0:c174-1 liszt: 1 
0:c175-1 liszt: 1 
0:c176-1 liszt: 1 
0:c177-1 liszt: 1 
0:c178-1 liszt: 1 
0:c179-1 liszt: 1 
0:c180-1 liszt: 1 
0:c181-1 liszt: 1 
0:c182-1 liszt: 1 
0:c183-1 liszt: 1 
0:c184-1 liszt: 1 
0:c185-1 liszt: 1 
0:c186-1 liszt: 1 
0:c187-1 liszt: 1 
0:c188-1 liszt: 1 
0:c189-1 liszt: 1 
0:c190-1 liszt: 1 
0:c191-1 liszt: 1 
0:c192-1 liszt: 1 
0:c193-1 liszt: 1 
0:c194-1 liszt: 1 
0:c195-1 liszt: 1 
0:c196-1 liszt: 1 
0:c197-1 liszt: 1 
0:c198-1 liszt: 1 
0:c199-1 liszt: 1 
0:c200-1 liszt: 1 
0:c201-1 liszt: 1 
0:c202-1 liszt: 1 
0:c203-1 liszt: 1 
0:c204-1 liszt: 1 
0:c205-1 liszt: 1 
0:c206-1 liszt: 1 
0:c207-1 liszt: 1 
0:c208-1 liszt: 1 
0:c209-1 liszt: 1 
0:c210-1 liszt: 1 
0:c211-1 liszt: 1 
0:c212-1 liszt: 1 
0:c213-1 liszt: 1 
0:c214-1 liszt: 1 
0:c215-1 liszt: 1 
0:c216-1 liszt: 1 
0:c217-1 liszt: 1 
0:c218-1 liszt: 1 
0:c219-1 liszt: 1 
0:c220-1 liszt: 1 
0:c221-1 liszt: 1 
0:c222-1 liszt: 1 
0:c223-1 liszt: 1 
0:c224-1 liszt: 1 
0:c225-1 liszt: 1 
0:c226-1 liszt: 1 
0:c227-1 liszt: 1 
0:c228-1 liszt: 1 
0:c229-1 liszt: 1 
0:c230-1 liszt: 1 
0:c231-1 liszt: 1 
0:c232-1 liszt: 1 
0:c233-1 liszt: 1 
0:c234-1 liszt: 1 
0:c235-1 liszt: 1 
0:c236-1 liszt: 1 
0:c237-1 liszt: 1 
0:c238-1 liszt: 1 
0:c239-1 liszt: 1 
0:c240-1 liszt: 1 
0:c241-1 liszt: 1 
0:c242-1 liszt: 1 
0:c243-1 liszt: 1 
0:c244-1 liszt: 1 
0:c245-1 liszt: 1 
0:c246-1 liszt: 1 
0:c247-1 liszt: 1 
0:c248-1 liszt: 1 
0:c249-1 liszt: 1 
0:c250-1 liszt: 1 
1:f0-0 liszt: 2 
1:f1-0 liszt: 2 
1:f2-0 liszt: 2 
1:f3-0 liszt: 2 
1:f4-0 liszt: 2 
1:f5-0 liszt: 2 
1:f6-0 liszt: 2 
1:f7-0 liszt: 2 
1:f8-0 liszt: 2 
1:f9-0 liszt: 2 
1:f10-0 liszt: 2 
1:f11-0 liszt: 2 
1:f12-0 liszt: 2 
1:f13-0 liszt: 2 
1:f14-0 liszt: 2 
1:f15-0 liszt: 2 
1:f16-0 liszt: 2 
1:f17-0 liszt: 2 
1:f18-0 liszt: 2 
1:f19-0 liszt: 2 
1:f20-0 liszt: 2 
1:f21-0 liszt: 2 
1:f22-0 liszt: 2 
1:f23-0 liszt: 2 
1:f24-0 liszt: 2 
1:f25-0 liszt: 2 
1:f26-0 liszt: 2 
1:f27-0 liszt: 2 
1:f28-0 liszt: 2 
1:f29-0 liszt: 2 
1:f30-0 liszt: 2 
1:f31-0 liszt: 2 
1:f32-0 liszt: 2 
1:f33-0 liszt: 2 
1:f34-0 liszt: 2 
1:f35-0 liszt: 2 
1:f36-0 liszt: 2 
1:f37-0 liszt: 2 
1:f38-0 liszt: 2 
1:f39-0 liszt: 2 
1:f40-0 liszt: 2 
1:f41-0 liszt: 2 
1:f42-0 liszt: 2 
1:f43-0 liszt: 2 
1:f44-0 liszt: 2 
1:f45-0 liszt: 2 
1:f46-0 liszt: 2 
1:f47-0 liszt: 2 
1:f48-0 liszt: 2 
1:f49-0 liszt: 2 
1:f50-0 liszt: 2 
1:f51-0 liszt: 2 
1:f52-0 liszt: 2 
1:f53-0 liszt: 2 
1:f54-0 liszt: 2 
1:f55-0 liszt: 2 
1:f56-0 liszt: 2 
1:f57-0 liszt: 2 
1:f58-0 liszt: 2 
1:f59-0 liszt: 2 
1:f60-0 liszt: 2 
1:f61-0 liszt: 2 
1:f62-0 liszt: 2 
1:f63-0 liszt: 2 
1:f64-0 liszt: 2 
1:f65-0 liszt: 2 
1:f66-0 liszt: 2 
1:f67-0 liszt: 2 
1:f68-0 liszt: 2 
1:f69-0 liszt: 2 
1:f70-0 liszt: 2 
1:f71-0 liszt: 2 
1:f72-0 liszt: 2 
1:f73-0 liszt: 2 
1:f74-0 liszt: 2 
1:f75-0 liszt: 2 
1:f76-0 liszt: 2 
1:f77-0 liszt: 2 
1:f78-0 liszt: 2 
1:f79-0 liszt: 2 
1:f80-0 liszt: 2 
1:f81-0 liszt: 2 
1:f82-0 liszt: 2 
1:f83-0 liszt: 2 
1:f84-0 liszt: 2 
1:f85-0 liszt: 2 
1:f86-0 liszt: 2 
1:f87-0 liszt: 2 
1:f88-0 liszt: 2 
1:f89-0 liszt: 2 
1:f90-0 liszt: 2 
1:f91-0 liszt: 2 
1:f92-0 liszt: 2 
1:f93-0 liszt: 2 
1:f94-0 liszt: 2 
1:f95-0 liszt: 2 
1:f96-0 liszt: 2 
1:f97-0 liszt: 2 
1:f98-0 liszt: 2 
1:f99-0 liszt: 2 
1:f100-0 liszt: 2 
1:f101-0 liszt: 2 
1:f102-0 liszt: 2 
1:f103-0 liszt: 2 
1:f104-0 liszt: 2 
1:f105-0 liszt: 2 
1:f106-0 liszt: 2 
1:f107-0 liszt: 2 
1:f108-0 liszt: 2 
1:f109-0 liszt: 2 
1:f110-0 liszt: 2 
1:f111-0 liszt: 2 
1:f112-0 liszt: 2 
1:f113-0 liszt: 2 
1:f114-0 liszt: 2 
1:f115-0 liszt: 2 
1:f116-0 liszt: 2 
1:f117-0 liszt: 2 
1:f118-0 liszt: 2 
1:f119-0 liszt: 2 
1:f120-0 liszt: 2 
1:f121-0 liszt: 2 
1:f122-0 liszt: 2 
1:f123-0 liszt: 2 
1:f124-0 liszt: 2 
1:f125-0 liszt: 2 
1:f126-0 liszt: 2 
1:f127-0 liszt: 2 
1:f128-0 liszt: 2 
1:f129-0 liszt: 2 
1:f130-0 liszt: 2 
1:f131-0 liszt: 2 
1:f132-0 liszt: 2 
1:f133-0 liszt: 2 
1:f134-0 liszt: 2 
1:f135-0 liszt: 2 
1:f136-0 liszt: 2 
1:f137-0 liszt: 2 
1:f138-0 liszt: 2 
1:f139-0 liszt: 2 
1:f140-0 liszt: 2 
1:f141-0 liszt: 2 
1:f142-0 liszt: 2 
1:f143-0 liszt: 2 
1:f144-0 liszt: 2 
1:f145-0 liszt: 2 
1:f146-0 liszt: 2 
1:f147-0 liszt: 2 
1:f148-0 liszt: 2 
1:f149-0 liszt: 2 
1:f150-0 liszt: 2 
1:f151-0 liszt: 2 
1:f152-0 liszt: 2 
1:f153-0 liszt: 2 
1:f154-0 liszt: 2 
1:f155-0 liszt: 2 
1:f156-0 liszt: 2 
1:f157-0 liszt: 2 
1:f158-0 liszt: 2 
1:f159-0 liszt: 2 
1:f160-0 liszt: 2 
1:f161-0 liszt: 2 
1:f162-0 liszt: 2 
1:f163-0 liszt: 2 
1:f164-0 liszt: 2 
1:f165-0 liszt: 2 
1:f166-0 liszt: 2 
1:f167-0 liszt: 2 
1:f168-0 liszt: 2 
1:f169-0 liszt: 2 
1:f170-0 liszt: 2 
1:f171-0 liszt: 2 
1:f172-0 liszt: 2 
1:f173-0 liszt: 2 
1:f174-0 liszt: 2 
1:f175-0 liszt: 2 
1:f176-0 liszt: 2 
1:f177-0 liszt: 2 
1:f178-0 liszt: 2 
1:f179-0 liszt: 2 
1:f180-0 liszt: 2 
1:f181-0 liszt: 2 
1:f182-0 liszt: 2 
1:f183-0 liszt: 2 
1:f184-0 liszt: 2 
1:f185-0 liszt: 2 
1:f186-0 liszt: 2 
1:f187-0 liszt: 2 
1:f188-0 liszt: 2 
1:f189-0 liszt: 2 
1:f190-0 liszt: 2 
1:f191-0 liszt: 2 
1:f192-0 liszt: 2 
1:f193-0 liszt: 2 
1:f194-0 liszt: 2 
1:f195-0 liszt: 2 
1:f196-0 liszt: 2 
1:f197-0 liszt: 2 
1:f198-0 liszt: 2 
1:f199-0 liszt: 2 
1:f200-0 liszt: 2 
1:f201-0 liszt: 2 
1:f202-0 liszt: 2 
1:f203-0 liszt: 2 
1:f204-0 liszt: 2 
1:f205-0 liszt: 2 
1:f206-0 liszt: 2 
1:f207-0 liszt: 2 
1:f208-0 liszt: 2 
1:f209-0 liszt: 2 
1:f210-0 liszt: 2 
1:f211-0 liszt: 2 
1:f212-0 liszt: 2 
1:f213-0 liszt: 2 
1:f214-0 liszt: 2 
1:f215-0 liszt: 2 
1:f216-0 liszt: 2 
1:f217-0 liszt: 2 
1:f218-0 liszt: 2 
1:f219-0 liszt: 2 
1:f220-0 liszt: 2 
1:f221-0 liszt: 2 
1:f222-0 liszt: 2 
1:f223-0 liszt: 2 
1:f224-0 liszt: 2 
1:f225-0 liszt: 2 
1:f226-0 liszt: 2 
1:f227-0 liszt: 2 
1:f228-0 liszt: 2 
1:f229-0 liszt: 2 
1:f230-0 liszt: 2 
1:f231-0 liszt: 2 
1:f232-0 liszt: 2 
1:f233-0 liszt: 2 
1:f234-0 liszt: 2 
1:f235-0 liszt: 2 
1:f236-0 liszt: 2 
1:f237-0 liszt: 2 
1:f238-0 liszt: 2 
1:f239-0 liszt: 2 
1:f240-0 liszt: 2 
1:f241-0 liszt: 2 
1:f242-0 liszt: 2 
1:f243-0 liszt: 2 
1:f244-0 liszt: 2 
1:f245-0 liszt: 2 
1:f246-0 liszt: 2 
1:f247-0 liszt: 2 
1:f248-0 liszt: 2 
1:f249-0 liszt: 2 
1:f250-0 liszt: 4 
1:f251-0 liszt: 4 
1:f252-0 liszt: 4 
1:f253-0 liszt: 4 
1:f254-0 liszt: 4 
1:f255-0 liszt: 4 
1:f256-0 liszt: 4 
1:f257-0 liszt: 4 
1:f258-0 liszt: 4 
1:f259-0 liszt: 4 
1:f260-0 liszt: 4 
1:f261-0 liszt: 4 
1:f262-0 liszt: 4 
1:f263-0 liszt: 4 
1:f264-0 liszt: 4 
1:f265-0 liszt: 4 
1:f266-0 liszt: 4 
1:f267-0 liszt: 4 
1:f268-0 liszt: 4 
1:f269-0 liszt: 4 
1:f270-0 liszt: 4 
1:f271-0 liszt: 4 
1:f272-0 liszt: 4 
1:f273-0 liszt: 4 
1:f274-0 liszt: 4 
1:f275-0 liszt: 4 
1:f276-0 liszt: 4 
1:f277-0 liszt: 4 
1:f278-0 liszt: 4 
1:f279-0 liszt: 4 
1:f280-0 liszt: 4 
1:f281-0 liszt: 4 
1:f282-0 liszt: 4 
1:f283-0 liszt: 4 
1:f284-0 liszt: 4 
1:f285-0 liszt: 4 
1:f286-0 liszt: 4 
1:f287-0 liszt: 4 
1:f288-0 liszt: 4 
1:f289-0 liszt: 4 
1:f290-0 liszt: 4 
1:f291-0 liszt: 4 
1:f292-0 liszt: 4 
1:f293-0 liszt: 4 
1:f294-0 liszt: 4 
1:f295-0 liszt: 4 
1:f296-0 liszt: 4 
1:f297-0 liszt: 4 
1:f298-0 liszt: 4 
1:f299-0 liszt: 4 
1:f300-0 liszt: 4 
1:f301-0 liszt: 4 
1:f302-0 liszt: 4 
1:f303-0 liszt: 4 
1:f304-0 liszt: 4 
1:f305-0 liszt: 4 
1:f306-0 liszt: 4 
1:f307-0 liszt: 4 
1:f308-0 liszt: 4 
1:f309-0 liszt: 4 
1:f310-0 liszt: 4 
1:f311-0 liszt: 4 
1:f312-0 liszt: 4 
1:f313-0 liszt: 4 
1:f314-0 liszt: 4 
1:f315-0 liszt: 4 
1:f316-0 liszt: 4 
1:f317-0 liszt: 4 
1:f318-0 liszt: 4 
1:f319-0 liszt: 4 
1:f320-0 liszt: 4 
1:f321-0 liszt: 4 
1:f322-0 liszt: 4 
1:f323-0 liszt: 4 
1:f324-0 liszt: 4 
1:f325-0 liszt: 4 
1:f326-0 liszt: 4 
1:f327-0 liszt: 4 
1:f328-0 liszt: 4 
1:f329-0 liszt: 4 
1:f330-0 liszt: 4 
1:f331-0 liszt: 4 
1:f332-0 liszt: 4 
1:f333-0 liszt: 4 
1:f334-0 liszt: 4 
1:f335-0 liszt: 4 
1:f336-0 liszt: 4 
1:f337-0 liszt: 4 
1:f338-0 liszt: 4 
1:f339-0 liszt: 4 
1:f340-0 liszt: 4 
1:f341-0 liszt: 4 
1:f342-0 liszt: 4 
1:f343-0 liszt: 4 
1:f344-0 liszt: 4 
1:f345-0 liszt: 4 
1:f346-0 liszt: 4 
1:f347-0 liszt: 4 
1:f348-0 liszt: 4 
1:f349-0 liszt: 4 
1:f350-0 liszt: 4 
1:f351-0 liszt: 4 
1:f352-0 liszt: 4 
1:f353-0 liszt: 4 
1:f354-0 liszt: 4 
1:f355-0 liszt: 4 
1:f356-0 liszt: 4 
1:f357-0 liszt: 4 
1:f358-0 liszt: 4 
1:f359-0 liszt: 4 
1:f360-0 liszt: 4 
1:f361-0 liszt: 4 
1:f362-0 liszt: 4 
1:f363-0 liszt: 4 
1:f364-0 liszt: 4 
1:f365-0 liszt: 4 
1:f366-0 liszt: 4 
1:f367-0 liszt: 4 
1:f368-0 liszt: 4 
1:f369-0 liszt: 4 
1:f370-0 liszt: 4 
1:f371-0 liszt: 4 
1:f372-0 liszt: 4 
1:f373-0 liszt: 4 
1:f374-0 liszt: 4 
1:f375-0 liszt: 4 
1:f376-0 liszt: 4 
1:f377-0 liszt: 4 
1:f378-0 liszt: 4 
1:f379-0 liszt: 4 
1:f380-0 liszt: 4 
1:f381-0 liszt: 4 
1:f382-0 liszt: 4 
1:f383-0 liszt: 4 
1:f384-0 liszt: 4 
1:f385-0 liszt: 4 
1:f386-0 liszt: 4 
1:f387-0 liszt: 4 
1:f388-0 liszt: 4 
1:f389-0 liszt: 4 
1:f390-0 liszt: 4 
1:f391-0 liszt: 4 
1:f392-0 liszt: 4 
1:f393-0 liszt: 4 
1:f394-0 liszt: 4 
1:f395-0 liszt: 4 
1:f396-0 liszt: 4 
1:f397-0 liszt: 4 
1:f398-0 liszt: 4 
1:f399-0 liszt: 4 
1:f400-0 liszt: 4 
1:f401-0 liszt: 4 
1:f402-0 liszt: 4 
1:f403-0 liszt: 4 
1:f404-0 liszt: 4 
1:f405-0 liszt: 4 
1:f406-0 liszt: 4 
1:f407-0 liszt: 4 
1:f408-0 liszt: 4 
1:f409-0 liszt: 4 
1:f410-0 liszt: 4 
1:f411-0 liszt: 4 
1:f412-0 liszt: 4 
1:f413-0 liszt: 4 
1:f414-0 liszt: 4 
1:f415-0 liszt: 4 
1:f416-0 liszt: 4 
1:f417-0 liszt: 4 
1:f418-0 liszt: 4 
1:f419-0 liszt: 4 
1:f420-0 liszt: 4 
1:f421-0 liszt: 4 
1:f422-0 liszt: 4 
1:f423-0 liszt: 4 
1:f424-0 liszt: 4 
1:f425-0 liszt: 4 
1:f426-0 liszt: 4 
1:f427-0 liszt: 4 
1:f428-0 liszt: 4 
1:f429-0 liszt: 4 
1:f430-0 liszt: 4 
1:f431-0 liszt: 4 
1:f432-0 liszt: 4 
1:f433-0 liszt: 4 
1:f434-0 liszt: 4 
1:f435-0 liszt: 4 
1:f436-0 liszt: 4 
1:f437-0 liszt: 4 
1:f438-0 liszt: 4 
1:f439-0 liszt: 4 
1:f440-0 liszt: 4 
1:f441-0 liszt: 4 
1:f442-0 liszt: 4 
1:f443-0 liszt: 4 
1:f444-0 liszt: 4 
1:f445-0 liszt: 4 
1:f446-0 liszt: 4 
1:f447-0 liszt: 4 
1:f448-0 liszt: 4 
1:f449-0 liszt: 4 
1:f450-0 liszt: 4 
1:f451-0 liszt: 4 
1:f452-0 liszt: 4 
1:f453-0 liszt: 4 
1:f454-0 liszt: 4 
1:f455-0 liszt: 4 
1:f456-0 liszt: 4 
1:f457-0 liszt: 4 
1:f458-0 liszt: 4 
1:f459-0 liszt: 4 
1:f460-0 liszt: 4 
1:f461-0 liszt: 4 
1:f462-0 liszt: 4 
1:f463-0 liszt: 4 
1:f464-0 liszt: 4 
1:f465-0 liszt: 4 
1:f466-0 liszt: 4 
1:f467-0 liszt: 4 
1:f468-0 liszt: 4 
1:f469-0 liszt: 4 
1:f470-0 liszt: 4 
1:f471-0 liszt: 4 
1:f472-0 liszt: 4 
1:f473-0 liszt: 4 
1:f474-0 liszt: 4 
1:f475-0 liszt: 4 
1:f476-0 liszt: 4 
1:f477-0 liszt: 4 
1:f478-0 liszt: 4 
1:f479-0 liszt: 4 
1:f480-0 liszt: 4 
1:f481-0 liszt: 4 
1:f482-0 liszt: 4 
1:f483-0 liszt: 4 
1:f484-0 liszt: 4 
1:f485-0 liszt: 4 
1:f486-0 liszt: 4 
1:f487-0 liszt: 4 
1:f488-0 liszt: 4 
1:f489-0 liszt: 4 
1:f490-0 liszt: 4 
1:f491-0 liszt: 4 
1:f492-0 liszt: 4 
1:f493-0 liszt: 4 
1:f494-0 liszt: 4 
1:f495-0 liszt: 4 
1:f496-0 liszt: 4 
1:f497-0 liszt: 4 
1:f498-0 liszt: 4 
1:f499-0 liszt: 4 
1:f500-0 liszt: 4 
1:f501-0 liszt: 4 
1:f502-0 liszt: 4 
1:f503-0 liszt: 4 
1:f504-0 liszt: 4 
1:f505-0 liszt: 4 
1:f506-0 liszt: 4 
1:f507-0 liszt: 4 
1:f508-0 liszt: 4 
1:f509-0 liszt: 4 
1:f510-0 liszt: 4 
1:f511-0 liszt: 4 
1:f512-0 liszt: 4 
1:f513-0 liszt: 4 
1:f514-0 liszt: 4 
1:f515-0 liszt: 4 
1:f516-0 liszt: 4 
1:f517-0 liszt: 4 
1:f518-0 liszt: 4 
1:f519-0 liszt: 4 
1:f520-0 liszt: 4 
1:f521-0 liszt: 4 
1:f522-0 liszt: 4 
1:f523-0 liszt: 4 
1:f524-0 liszt: 4 
1:f525-0 liszt: 4 
1:f526-0 liszt: 4 
1:f527-0 liszt: 4 
1:f528-0 liszt: 4 
1:f529-0 liszt: 4 
1:f530-0 liszt: 4 
1:f531-0 liszt: 4 
1:f532-0 liszt: 4 
1:f533-0 liszt: 4 
1:f534-0 liszt: 4 
1:f535-0 liszt: 4 
1:f536-0 liszt: 4 
1:f537-0 liszt: 4 
1:f538-0 liszt: 4 
1:f539-0 liszt: 4 
1:f540-0 liszt: 4 
1:f541-0 liszt: 4 
1:f542-0 liszt: 4 
1:f543-0 liszt: 4 
1:f544-0 liszt: 4 
1:f545-0 liszt: 4 
1:f546-0 liszt: 4 
1:f547-0 liszt: 4 
1:f548-0 liszt: 4 
1:f549-0 liszt: 4 
1:f550-0 liszt: 4 
1:f551-0 liszt: 4 
1:f552-0 liszt: 4 
1:f553-0 liszt: 4 
1:f554-0 liszt: 4 
1:f555-0 liszt: 4 
1:f556-0 liszt: 4 
1:f557-0 liszt: 4 
1:f558-0 liszt: 4 
1:f559-0 liszt: 4 
1:f560-0 liszt: 4 
1:f561-0 liszt: 4 
1:f562-0 liszt: 4 
1:f563-0 liszt: 4 
1:f564-0 liszt: 4 
1:f565-0 liszt: 4 
1:f566-0 liszt: 4 
1:f567-0 liszt: 4 
1:f568-0 liszt: 4 
1:f569-0 liszt: 4 
1:f570-0 liszt: 4 
1:f571-0 liszt: 4 
1:f572-0 liszt: 4 
1:f573-0 liszt: 4 
1:f574-0 liszt: 4 
1:f575-0 liszt: 4 
1:f576-0 liszt: 4 
1:f577-0 liszt: 4 
1:f578-0 liszt: 4 
1:f579-0 liszt: 4 
1:f580-0 liszt: 4 
1:f581-0 liszt: 4 
1:f582-0 liszt: 4 
1:f583-0 liszt: 4 
1:f584-0 liszt: 4 
1:f585-0 liszt: 4 
1:f586-0 liszt: 4 
1:f587-0 liszt: 4 
1:f588-0 liszt: 4 
1:f589-0 liszt: 4 
1:f590-0 liszt: 4 
1:f591-0 liszt: 4 
1:f592-0 liszt: 4 
1:f593-0 liszt: 4 
1:f594-0 liszt: 4 
1:f595-0 liszt: 4 
1:f596-0 liszt: 4 
1:f597-0 liszt: 4 
1:f598-0 liszt: 4 
1:f599-0 liszt: 4 
1:f600-0 liszt: 4 
1:f601-0 liszt: 4 
1:f602-0 liszt: 4 
1:f603-0 liszt: 4 
1:f604-0 liszt: 4 
1:f605-0 liszt: 4 
1:f606-0 liszt: 4 
1:f607-0 liszt: 4 
1:f608-0 liszt: 4 
1:f609-0 liszt: 4 
1:f610-0 liszt: 4 
1:f611-0 liszt: 4 
1:f612-0 liszt: 4 
1:f613-0 liszt: 4 
1:f614-0 liszt: 4 
1:f615-0 liszt: 4 
1:f616-0 liszt: 4 
1:f617-0 liszt: 4 
1:f618-0 liszt: 4 
1:f619-0 liszt: 4 
1:f620-0 liszt: 4 
1:f621-0 liszt: 4 
1:f622-0 liszt: 4 
1:f623-0 liszt: 4 
1:f624-0 liszt: 4 
1:f625-0 liszt: 4 
1:f626-0 liszt: 4 
1:f627-0 liszt: 4 
1:f628-0 liszt: 4 
1:f629-0 liszt: 4 
1:f630-0 liszt: 4 
1:f631-0 liszt: 4 
1:f632-0 liszt: 4 
1:f633-0 liszt: 4 
1:f634-0 liszt: 4 
1:f635-0 liszt: 4 
1:f636-0 liszt: 4 
1:f637-0 liszt: 4 
1:f638-0 liszt: 4 
1:f639-0 liszt: 4 
1:f640-0 liszt: 4 
1:f641-0 liszt: 4 
1:f642-0 liszt: 4 
1:f643-0 liszt: 4 
1:f644-0 liszt: 4 
1:f645-0 liszt: 4 
1:f646-0 liszt: 4 
1:f647-0 liszt: 4 
1:f648-0 liszt: 4 
1:f649-0 liszt: 4 
1:f650-0 liszt: 4 
1:f651-0 liszt: 4 
1:f652-0 liszt: 4 
1:f653-0 liszt: 4 
1:f654-0 liszt: 4 
1:f655-0 liszt: 4 
1:f656-0 liszt: 4 
1:f657-0 liszt: 4 
1:f658-0 liszt: 4 
1:f659-0 liszt: 4 
1:f660-0 liszt: 4 
1:f661-0 liszt: 4 
1:f662-0 liszt: 4 
1:f663-0 liszt: 4 
1:f664-0 liszt: 4 
1:f665-0 liszt: 4 
1:f666-0 liszt: 4 
1:f667-0 liszt: 4 
1:f668-0 liszt: 4 
1:f669-0 liszt: 4 
1:f670-0 liszt: 4 
1:f671-0 liszt: 4 
1:f672-0 liszt: 4 
1:f673-0 liszt: 4 
1:f674-0 liszt: 4 
1:f675-0 liszt: 4 
1:f676-0 liszt: 4 
1:f677-0 liszt: 4 
1:f678-0 liszt: 4 
1:f679-0 liszt: 4 
1:f680-0 liszt: 4 
1:f681-0 liszt: 4 
1:f682-0 liszt: 4 
1:f683-0 liszt: 4 
1:f684-0 liszt: 4 
1:f685-0 liszt: 4 
1:f686-0 liszt: 4 
1:f687-0 liszt: 4 
1:f688-0 liszt: 4 
1:f689-0 liszt: 4 
1:f690-0 liszt: 4 
1:f691-0 liszt: 4 
1:f692-0 liszt: 4 
1:f693-0 liszt: 4 
1:f694-0 liszt: 4 
1:f695-0 liszt: 4 
1:f696-0 liszt: 4 
1:f697-0 liszt: 4 
1:f698-0 liszt: 4 
1:f699-0 liszt: 4 
1:f700-0 liszt: 4 
1:f701-0 liszt: 4 
1:f702-0 liszt: 4 
1:f703-0 liszt: 4 
1:f704-0 liszt: 4 
1:f705-0 liszt: 4 
1:f706-0 liszt: 4 
1:f707-0 liszt: 4 
1:f708-0 liszt: 4 
1:f709-0 liszt: 4 
1:f710-0 liszt: 4 
1:f711-0 liszt: 4 
1:f712-0 liszt: 4 
1:f713-0 liszt: 4 
1:f714-0 liszt: 4 
1:f715-0 liszt: 4 
1:f716-0 liszt: 4 
1:f717-0 liszt: 4 
1:f718-0 liszt: 4 
1:f719-0 liszt: 4 
1:f720-0 liszt: 4 
1:f721-0 liszt: 4 
1:f722-0 liszt: 4 
1:f723-0 liszt: 4 
1:f724-0 liszt: 4 
1:f725-0 liszt: 4 
1:f726-0 liszt: 4 
1:f727-0 liszt: 4 
1:f728-0 liszt: 4 
1:f729-0 liszt: 4 
1:f730-0 liszt: 4 
1:f731-0 liszt: 4 
1:f732-0 liszt: 4 
1:f733-0 liszt: 4 
1:f734-0 liszt: 4 
1:f735-0 liszt: 4 
1:f736-0 liszt: 4 
1:f737-0 liszt: 4 
1:f738-0 liszt: 4 
1:f739-0 liszt: 4 
1:f740-0 liszt: 4 
1:f741-0 liszt: 4 
1:f742-0 liszt: 4 
1:f743-0 liszt: 4 
1:f744-0 liszt: 4 
1:f745-0 liszt: 4 
1:f746-0 liszt: 4 
1:f747-0 liszt: 4 
1:f748-0 liszt: 4 
1:f749-0 liszt: 4 
1:f750-0 liszt: 4 
1:f751-0 liszt: 4 
1:f752-0 liszt: 4 
1:f753-0 liszt: 4 
1:f754-0 liszt: 4 
1:f755-0 liszt: 4 
1:f756-0 liszt: 4 
1:f757-0 liszt: 4 
1:f758-0 liszt: 4 
1:f759-0 liszt: 4 
1:f760-0 liszt: 4 
1:f761-0 liszt: 4 
1:f762-0 liszt: 4 
1:f763-0 liszt: 4 
1:f764-0 liszt: 4 
1:f765-0 liszt: 4 
1:f766-0 liszt: 4 
1:f767-0 liszt: 4 
1:f768-0 liszt: 4 
1:f769-0 liszt: 4 
1:f770-0 liszt: 4 
1:f771-0 liszt: 4 
1:f772-0 liszt: 4 
1:f773-0 liszt: 4 
1:f774-0 liszt: 4 
1:f775-0 liszt: 4 
1:f776-0 liszt: 4 
1:f777-0 liszt: 4 
1:f778-0 liszt: 4 
1:f779-0 liszt: 4 
1:f780-0 liszt: 4 
1:f781-0 liszt: 4 
1:f782-0 liszt: 4 
1:f783-0 liszt: 4 
1:f784-0 liszt: 4 
1:f785-0 liszt: 4 
1:f786-0 liszt: 4 
1:f787-0 liszt: 4 
1:f788-0 liszt: 4 
1:f789-0 liszt: 4 
1:f790-0 liszt: 4 
1:f791-0 liszt: 4 
1:f792-0 liszt: 4 
1:f793-0 liszt: 4 
1:f794-0 liszt: 4 
1:f795-0 liszt: 4 
1:f796-0 liszt: 4 
1:f797-0 liszt: 4 
1:f798-0 liszt: 4 
1:f799-0 liszt: 4 
1:f800-0 liszt: 4 
1:f801-0 liszt: 4 
1:f802-0 liszt: 4 
1:f803-0 liszt: 4 
1:f804-0 liszt: 4 
1:f805-0 liszt: 4 
1:f806-0 liszt: 4 
1:f807-0 liszt: 4 
1:f808-0 liszt: 4 
1:f809-0 liszt: 4 
1:f810-0 liszt: 4 
1:f811-0 liszt: 4 
1:f812-0 liszt: 4 
1:f813-0 liszt: 4 
1:f814-0 liszt: 4 
1:f815-0 liszt: 4 
1:f816-0 liszt: 4 
1:f817-0 liszt: 4 
1:f818-0 liszt: 4 
1:f819-0 liszt: 4 
1:f820-0 liszt: 4 
1:f821-0 liszt: 4 
1:f822-0 liszt: 4 
1:f823-0 liszt: 4 
1:f824-0 liszt: 4 
1:f825-0 liszt: 4 
1:f826-0 liszt: 4 
1:f827-0 liszt: 4 
1:f828-0 liszt: 4 
1:f829-0 liszt: 4 
1:f830-0 liszt: 4 
1:f831-0 liszt: 4 
1:f832-0 liszt: 4 
1:f833-0 liszt: 4 
1:f834-0 liszt: 4 
1:f835-0 liszt: 4 
1:f836-0 liszt: 4 
1:f837-0 liszt: 4 
1:f838-0 liszt: 4 
1:f839-0 liszt: 4 
1:f840-0 liszt: 4 
1:f841-0 liszt: 4 
1:f842-0 liszt: 4 
1:f843-0 liszt: 4 
1:f844-0 liszt: 4 
1:f845-0 liszt: 4 
1:f846-0 liszt: 4 
1:f847-0 liszt: 4 
1:f848-0 liszt: 4 
1:f849-0 liszt: 4 
1:f850-0 liszt: 4 
1:f851-0 liszt: 4 
1:f852-0 liszt: 4 
1:f853-0 liszt: 4 
1:f854-0 liszt: 4 
1:f855-0 liszt: 4 
1:f856-0 liszt: 4 
1:f857-0 liszt: 4 
1:f858-0 liszt: 4 
1:f859-0 liszt: 4 
1:f860-0 liszt: 4 
1:f861-0 liszt: 4 
1:f862-0 liszt: 4 
1:f863-0 liszt: 4 
1:f864-0 liszt: 4 
1:f865-0 liszt: 4 
1:f866-0 liszt: 4 
1:f867-0 liszt: 4 
1:f868-0 liszt: 4 
1:f869-0 liszt: 4 
1:f870-0 liszt: 4 
1:f871-0 liszt: 4 
1:f872-0 liszt: 4 
1:f873-0 liszt: 4 
1:f874-0 liszt: 4 
