4 liszt: 396 396
5 liszt: 875 875
6 liszt: 250 250
7 liszt: 1020 1020
12 liszt: 625 625
13 liszt: 25 25
14 liszt: 25 25
15 liszt: 200 200
