0 liszt: (1,2,3) (4,5,6) (7,8,9) (11,13,15) (8,10,12) (8,10,12) (8,10,12) (16,25,36) (0.5,0.4,0.333333) (2,2.5,3) (1,1,1) ((1,2),(3,4)) (0,1) (8,10,12) (1) (astring) (0,0,0) (4,5,6) 4 4 122 (-3,6,-3)
1 liszt: 6 31 112 279
2 liszt: (1) (0.6,0.8) (0.111111,0.444444,0.888889) (0.1,0.3,0.3,0.9)
3 liszt: (1) (1,2) (0,10,10) (0,5,5,40)
4 liszt: (3) (5,10) (1,20,15) (5,10,5,45) 5
