0 liszt: 2
1 liszt: (1,4,3)
2 liszt: (1,5,3)
3 liszt: (1,7,3)
4 liszt: [1,2|3,7]
5 liszt: [1,2|3,8]
