liszt: Cell 1: vVertex 3 0
liszt: Cell 1: vVertex 5 1
liszt: Cell 1: vVertex 4 2
liszt: Cell 1: vVertex 0 3
liszt: Cell 1: vVertex 2 4
liszt: Cell 1: vVertex 1 5
liszt: Cell 1: eEdge 3 0
liszt: Cell 1: eEdge 5 1
liszt: Cell 1: eEdge 6 2
liszt: Cell 1: eEdge 4 3
liszt: Cell 1: eEdge 8 4
liszt: Cell 1: eEdge 7 5
liszt: Cell 1: eEdge 2 6
liszt: Cell 1: eEdge 0 7
liszt: Cell 1: eEdge 1 8
liszt: Cell 1: fFace 1 0
liszt: Cell 1: fFace 2 1
liszt: Cell 1: fFace 4 2
liszt: Cell 1: fFace 3 3
liszt: Cell 1: fFace 0 4
