0 liszt: 1
1 liszt: 2
2 liszt: 3
3 liszt: 4
4 liszt: 5
5 liszt: 6
6 liszt: 7
7 liszt: 8
8 liszt: 9
